ARM Linker, 5.03 [Build 76] [MDK-ARM Standard]

==============================================================================

Section Cross References

    main.o(i.main) refers to system_stm32f10x.o(i.SystemInit) for SystemInit
    main.o(i.main) refers to init.o(i.All_Init) for All_Init
    main.o(i.main) refers to vcanlcdforstm32.o(i.NewSize) for NewSize
    main.o(i.main) refers to vcanlcdforstm32.o(i.NewPoint) for NewPoint
    main.o(i.main) refers to badapple.o(.data) for BadApple
    main.o(i.main) refers to main.o(.data) for k
    main.o(i.main) refers to color.o(.bss) for Color
    main.o(i.main) refers to vcanlcdforstm32.o(.data) for VcanLCD
    main.o(i.main) refers to cstring.o(.data) for Str
    main.o(i.main) refers to stm32f10x_microsd.o(.data) for MSD_RealCapacity
    stm32f10x_it.o(i.TIM2_IRQHandler) refers to stm32f10x_tim.o(i.TIM_ClearITPendingBit) for TIM_ClearITPendingBit
    stm32f10x_it.o(i.TIM2_IRQHandler) refers to vcanlcdkey.o(i.VcanKeyIRQHandler) for VcanKeyIRQHandler
    stm32f10x_it.o(i.TIM2_IRQHandler) refers to led.o(i.MyTimerLEDToggle) for MyTimerLEDToggle
    delay.o(i.delay_init) refers to misc.o(i.SysTick_CLKSourceConfig) for SysTick_CLKSourceConfig
    delay.o(i.delay_init) refers to delay.o(.data) for fac_us
    delay.o(i.delay_ms) refers to delay.o(.data) for fac_ms
    delay.o(i.delay_us) refers to delay.o(.data) for fac_us
    init.o(i.All_Init) refers to delay.o(i.delay_init) for delay_init
    init.o(i.All_Init) refers to vcanlcdkey.o(i.VcanLcdKeyInit) for VcanLcdKeyInit
    init.o(i.All_Init) refers to led.o(i.LED_Init) for LED_Init
    init.o(i.All_Init) refers to tim.o(i.TIM2_Init) for TIM2_Init
    uart.o(i.Pose_UARTSendbyte) refers to stm32f10x_usart.o(i.USART_GetFlagStatus) for USART_GetFlagStatus
    uart.o(i.Pose_UARTSendbyte) refers to stm32f10x_usart.o(i.USART_SendData) for USART_SendData
    uart.o(i.USART1_IRQHandler) refers to stm32f10x_usart.o(i.USART_GetITStatus) for USART_GetITStatus
    uart.o(i.USART1_IRQHandler) refers to stm32f10x_usart.o(i.USART_GetFlagStatus) for USART_GetFlagStatus
    uart.o(i.USART1_IRQHandler) refers to stm32f10x_usart.o(i.USART_ReceiveData) for USART_ReceiveData
    uart.o(i.USART1_IRQHandler) refers to stm32f10x_usart.o(i.USART_ClearFlag) for USART_ClearFlag
    uart.o(i.USART1_IRQHandler) refers to uart.o(.data) for recieve
    uart.o(i.USART1_Init) refers to stm32f10x_rcc.o(i.RCC_APB2PeriphClockCmd) for RCC_APB2PeriphClockCmd
    uart.o(i.USART1_Init) refers to misc.o(i.NVIC_PriorityGroupConfig) for NVIC_PriorityGroupConfig
    uart.o(i.USART1_Init) refers to stm32f10x_gpio.o(i.GPIO_Init) for GPIO_Init
    uart.o(i.USART1_Init) refers to misc.o(i.NVIC_Init) for NVIC_Init
    uart.o(i.USART1_Init) refers to stm32f10x_usart.o(i.USART_Init) for USART_Init
    uart.o(i.USART1_Init) refers to stm32f10x_usart.o(i.USART_ITConfig) for USART_ITConfig
    uart.o(i.USART1_Init) refers to stm32f10x_usart.o(i.USART_Cmd) for USART_Cmd
    uart.o(i.USART2_IRQHandler) refers to stm32f10x_usart.o(i.USART_GetITStatus) for USART_GetITStatus
    uart.o(i.USART2_IRQHandler) refers to stm32f10x_usart.o(i.USART_ReceiveData) for USART_ReceiveData
    uart.o(i.USART2_IRQHandler) refers to stm32f10x_usart.o(i.USART_GetFlagStatus) for USART_GetFlagStatus
    uart.o(i.USART2_IRQHandler) refers to stm32f10x_usart.o(i.USART_ClearFlag) for USART_ClearFlag
    uart.o(i.USART2_IRQHandler) refers to uart.o(.data) for recieve
    uart.o(i.USART2_Init) refers to stm32f10x_rcc.o(i.RCC_APB2PeriphClockCmd) for RCC_APB2PeriphClockCmd
    uart.o(i.USART2_Init) refers to stm32f10x_rcc.o(i.RCC_APB1PeriphClockCmd) for RCC_APB1PeriphClockCmd
    uart.o(i.USART2_Init) refers to stm32f10x_gpio.o(i.GPIO_Init) for GPIO_Init
    uart.o(i.USART2_Init) refers to misc.o(i.NVIC_Init) for NVIC_Init
    uart.o(i.USART2_Init) refers to stm32f10x_usart.o(i.USART_Init) for USART_Init
    uart.o(i.USART2_Init) refers to stm32f10x_usart.o(i.USART_ITConfig) for USART_ITConfig
    uart.o(i.USART2_Init) refers to stm32f10x_usart.o(i.USART_Cmd) for USART_Cmd
    uart.o(i.fgetc) refers to stm32f10x_usart.o(i.USART_GetFlagStatus) for USART_GetFlagStatus
    uart.o(i.fgetc) refers to stm32f10x_usart.o(i.USART_ReceiveData) for USART_ReceiveData
    uart.o(i.fputc) refers to stm32f10x_usart.o(i.USART_SendData) for USART_SendData
    uart.o(i.fputc) refers to stm32f10x_usart.o(i.USART_GetFlagStatus) for USART_GetFlagStatus
    pwm.o(i.TIM3_GPIO_Config) refers to stm32f10x_rcc.o(i.RCC_APB1PeriphClockCmd) for RCC_APB1PeriphClockCmd
    pwm.o(i.TIM3_GPIO_Config) refers to stm32f10x_rcc.o(i.RCC_APB2PeriphClockCmd) for RCC_APB2PeriphClockCmd
    pwm.o(i.TIM3_GPIO_Config) refers to stm32f10x_gpio.o(i.GPIO_Init) for GPIO_Init
    pwm.o(i.TIM3_GPIO_Config) refers to stm32f10x_gpio.o(i.GPIO_ResetBits) for GPIO_ResetBits
    pwm.o(i.TIM3_Mode_Config) refers to stm32f10x_tim.o(i.TIM_TimeBaseInit) for TIM_TimeBaseInit
[...]
    ../clib/microlib/string/memcpy.c         0x00000000   Number         0  memcpya.o ABSOLUTE
    ../clib/microlib/string/memset.c         0x00000000   Number         0  memseta.o ABSOLUTE
    ../clib/microlib/string/strcat.c         0x00000000   Number         0  strcat.o ABSOLUTE
    ../clib/microlib/string/strcmp.c         0x00000000   Number         0  strcmp.o ABSOLUTE
    ../clib/microlib/stubs.s                 0x00000000   Number         0  iusefp.o ABSOLUTE
    ../fplib/microlib/d2f.c                  0x00000000   Number         0  d2f.o ABSOLUTE
    ../fplib/microlib/f2d.c                  0x00000000   Number         0  f2d.o ABSOLUTE
    ../fplib/microlib/fpadd.c                0x00000000   Number         0  fadd.o ABSOLUTE
    ../fplib/microlib/fpadd.c                0x00000000   Number         0  dadd.o ABSOLUTE
    ../fplib/microlib/fpdiv.c                0x00000000   Number         0  ddiv.o ABSOLUTE
    ../fplib/microlib/fpepilogue.c           0x00000000   Number         0  fepilogue.o ABSOLUTE
    ../fplib/microlib/fpepilogue.c           0x00000000   Number         0  depilogue.o ABSOLUTE
    ../fplib/microlib/fpfix.c                0x00000000   Number         0  dfixul.o ABSOLUTE
    ../fplib/microlib/fpfix.c                0x00000000   Number         0  ffixui.o ABSOLUTE
    ../fplib/microlib/fpflt.c                0x00000000   Number         0  ffltui.o ABSOLUTE
    ../fplib/microlib/fpflt.c                0x00000000   Number         0  fflti.o ABSOLUTE
    ../fplib/microlib/fpflt.c                0x00000000   Number         0  dflti.o ABSOLUTE
    ../fplib/microlib/fpmul.c                0x00000000   Number         0  fmul.o ABSOLUTE
    ../fplib/microlib/fpmul.c                0x00000000   Number         0  dmul.o ABSOLUTE
    ../fplib/microlib/fpsqrt.c               0x00000000   Number         0  fsqrt.o ABSOLUTE
    ../mathlib/sqrtf.c                       0x00000000   Number         0  sqrtf_x.o ABSOLUTE
    ../mathlib/sqrtf.c                       0x00000000   Number         0  sqrtf.o ABSOLUTE
    ..\BadApple\BadApple.c                   0x00000000   Number         0  badapple.o ABSOLUTE
    ..\Libraries\CMSIS\CM3\CoreSupport\core_cm3.c 0x00000000   Number         0  core_cm3.o ABSOLUTE
    ..\Libraries\CMSIS\CM3\DeviceSupport\ST\STM32F10x\startup\arm\startup_stm32f10x_hd.s 0x00000000   Number         0  startup_stm32f10x_hd.o ABSOLUTE
    ..\Libraries\STM32F10x_StdPeriph_Driver\src\misc.c 0x00000000   Number         0  misc.o ABSOLUTE
    ..\Libraries\STM32F10x_StdPeriph_Driver\src\stm32f10x_adc.c 0x00000000   Number         0  stm32f10x_adc.o ABSOLUTE
    ..\Libraries\STM32F10x_StdPeriph_Driver\src\stm32f10x_bkp.c 0x00000000   Number         0  stm32f10x_bkp.o ABSOLUTE
    ..\Libraries\STM32F10x_StdPeriph_Driver\src\stm32f10x_can.c 0x00000000   Number         0  stm32f10x_can.o ABSOLUTE
    ..\Libraries\STM32F10x_StdPeriph_Driver\src\stm32f10x_cec.c 0x00000000   Number         0  stm32f10x_cec.o ABSOLUTE
    ..\Libraries\STM32F10x_StdPeriph_Driver\src\stm32f10x_crc.c 0x00000000   Number         0  stm32f10x_crc.o ABSOLUTE
    ..\Libraries\STM32F10x_StdPeriph_Driver\src\stm32f10x_dac.c 0x00000000   Number         0  stm32f10x_dac.o ABSOLUTE
    ..\Libraries\STM32F10x_StdPeriph_Driver\src\stm32f10x_dbgmcu.c 0x00000000   Number         0  stm32f10x_dbgmcu.o ABSOLUTE
    ..\Libraries\STM32F10x_StdPeriph_Driver\src\stm32f10x_dma.c 0x00000000   Number         0  stm32f10x_dma.o ABSOLUTE
    ..\Libraries\STM32F10x_StdPeriph_Driver\src\stm32f10x_exti.c 0x00000000   Number         0  stm32f10x_exti.o ABSOLUTE
    ..\Libraries\STM32F10x_StdPeriph_Driver\src\stm32f10x_flash.c 0x00000000   Number         0  stm32f10x_flash.o ABSOLUTE
    ..\Libraries\STM32F10x_StdPeriph_Driver\src\stm32f10x_fsmc.c 0x00000000   Number         0  stm32f10x_fsmc.o ABSOLUTE
    ..\Libraries\STM32F10x_StdPeriph_Driver\src\stm32f10x_gpio.c 0x00000000   Number         0  stm32f10x_gpio.o ABSOLUTE
    ..\Libraries\STM32F10x_StdPeriph_Driver\src\stm32f10x_i2c.c 0x00000000   Number         0  stm32f10x_i2c.o ABSOLUTE
    ..\Libraries\STM32F10x_StdPeriph_Driver\src\stm32f10x_iwdg.c 0x00000000   Number         0  stm32f10x_iwdg.o ABSOLUTE
    ..\Libraries\STM32F10x_StdPeriph_Driver\src\stm32f10x_pwr.c 0x00000000   Number         0  stm32f10x_pwr.o ABSOLUTE
    ..\Libraries\STM32F10x_StdPeriph_Driver\src\stm32f10x_rcc.c 0x00000000   Number         0  stm32f10x_rcc.o ABSOLUTE
    ..\Libraries\STM32F10x_StdPeriph_Driver\src\stm32f10x_rtc.c 0x00000000   Number         0  stm32f10x_rtc.o ABSOLUTE
    ..\Libraries\STM32F10x_StdPeriph_Driver\src\stm32f10x_sdio.c 0x00000000   Number         0  stm32f10x_sdio.o ABSOLUTE
    ..\Libraries\STM32F10x_StdPeriph_Driver\src\stm32f10x_spi.c 0x00000000   Number         0  stm32f10x_spi.o ABSOLUTE
    ..\Libraries\STM32F10x_StdPeriph_Driver\src\stm32f10x_tim.c 0x00000000   Number         0  stm32f10x_tim.o ABSOLUTE
    ..\Libraries\STM32F10x_StdPeriph_Driver\src\stm32f10x_usart.c 0x00000000   Number         0  stm32f10x_usart.o ABSOLUTE
    ..\Libraries\STM32F10x_StdPeriph_Driver\src\stm32f10x_wwdg.c 0x00000000   Number         0  stm32f10x_wwdg.o ABSOLUTE
    ..\MicroSD\diskio.c                      0x00000000   Number         0  diskio.o ABSOLUTE
    ..\MicroSD\ff.c                          0x00000000   Number         0  ff.o ABSOLUTE
    ..\MicroSD\stm32f10x_fatfs.c             0x00000000   Number         0  stm32f10x_fatfs.o ABSOLUTE
    ..\MicroSD\stm32f10x_microsd.c           0x00000000   Number         0  stm32f10x_microsd.o ABSOLUTE
    ..\MyLib\CString.c                       0x00000000   Number         0  cstring.o ABSOLUTE
    ..\MyLib\Queue.c                         0x00000000   Number         0  queue.o ABSOLUTE
    ..\MyLib\SystemCore.c                    0x00000000   Number         0  systemcore.o ABSOLUTE
    ..\USER\ad.c                             0x00000000   Number         0  ad.o ABSOLUTE
    ..\USER\delay.c                          0x00000000   Number         0  delay.o ABSOLUTE
    ..\USER\flash.c                          0x00000000   Number         0  flash.o ABSOLUTE
    ..\USER\init.c                           0x00000000   Number         0  init.o ABSOLUTE
    ..\USER\iwdg.c                           0x00000000   Number         0  iwdg.o ABSOLUTE
    ..\USER\led.c                            0x00000000   Number         0  led.o ABSOLUTE
    ..\USER\main.c                           0x00000000   Number         0  main.o ABSOLUTE
    ..\USER\pwm.c                            0x00000000   Number         0  pwm.o ABSOLUTE
    ..\USER\spi.c                            0x00000000   Number         0  spi.o ABSOLUTE
    ..\USER\stm32f10x_it.c                   0x00000000   Number         0  stm32f10x_it.o ABSOLUTE
    ..\USER\system_stm32f10x.c               0x00000000   Number         0  system_stm32f10x.o ABSOLUTE
    ..\USER\tim.c                            0x00000000   Number         0  tim.o ABSOLUTE
    ..\USER\uart.c                           0x00000000   Number         0  uart.o ABSOLUTE
    ..\VcanLCD\Color.c                       0x00000000   Number         0  color.o ABSOLUTE
    ..\VcanLCD\HZK16.c                       0x00000000   Number         0  hzk16.o ABSOLUTE
    ..\VcanLCD\Image_BMP.c                   0x00000000   Number         0  image_bmp.o ABSOLUTE
    ..\VcanLCD\VcanLCDforSTM32.c             0x00000000   Number         0  vcanlcdforstm32.o ABSOLUTE
    ..\VcanLCD\VcanLcdKey.c                  0x00000000   Number         0  vcanlcdkey.o ABSOLUTE
    ..\\Libraries\\CMSIS\\CM3\\CoreSupport\\core_cm3.c 0x00000000   Number         0  core_cm3.o ABSOLUTE
    cdrcmple.s                               0x00000000   Number         0  cdrcmple.o ABSOLUTE
    cfcmple.s                                0x00000000   Number         0  cfcmple.o ABSOLUTE
    cfrcmple.s                               0x00000000   Number         0  cfrcmple.o ABSOLUTE
    dc.s                                     0x00000000   Number         0  dc.o ABSOLUTE
    handlers.s                               0x00000000   Number         0  handlers.o ABSOLUTE
    init.s                                   0x00000000   Number         0  init.o ABSOLUTE
    RESET                                    0x08000000   Section      304  startup_stm32f10x_hd.o(RESET)
    .ARM.Collect$$$$00000000                 0x08000130   Section        0  entry.o(.ARM.Collect$$$$00000000)
    .ARM.Collect$$$$00000001                 0x08000130   Section        4  entry2.o(.ARM.Collect$$$$00000001)
    .ARM.Collect$$$$00000004                 0x08000134   Section        4  entry5.o(.ARM.Collect$$$$00000004)
    .ARM.Collect$$$$00000008                 0x08000138   Section        0  entry7b.o(.ARM.Collect$$$$00000008)
    .ARM.Collect$$$$0000000A                 0x08000138   Section        0  entry8b.o(.ARM.Collect$$$$0000000A)
    .ARM.Collect$$$$0000000B                 0x08000138   Section        8  entry9a.o(.ARM.Collect$$$$0000000B)
    .ARM.Collect$$$$0000000D                 0x08000140   Section        0  entry10a.o(.ARM.Collect$$$$0000000D)
    .ARM.Collect$$$$0000000F                 0x08000140   Section        0  entry11a.o(.ARM.Collect$$$$0000000F)
    .ARM.Collect$$$$00002712                 0x08000140   Section        4  entry2.o(.ARM.Collect$$$$00002712)
    __lit__00000000                          0x08000140   Data           4  entry2.o(.ARM.Collect$$$$00002712)
    .text                                    0x08000144   Section       36  startup_stm32f10x_hd.o(.text)
    .text                                    0x08000168   Section        0  memcpya.o(.text)
    .text                                    0x0800018c   Section        0  memseta.o(.text)
    .text                                    0x080001b0   Section        0  strcat.o(.text)
    .text                                    0x080001c8   Section        0  dadd.o(.text)
    .text                                    0x08000316   Section        0  dmul.o(.text)
    .text                                    0x080003fa   Section        0  ddiv.o(.text)
    .text                                    0x080004d8   Section        0  f2d.o(.text)
    .text                                    0x080004fe   Section        0  uidiv.o(.text)
    .text                                    0x0800052a   Section        0  uldiv.o(.text)
    .text                                    0x0800058c   Section        0  llshl.o(.text)
    .text                                    0x080005aa   Section        0  llsshr.o(.text)
    .text                                    0x080005ce   Section        0  iusefp.o(.text)
    .text                                    0x080005ce   Section        0  depilogue.o(.text)
    .text                                    0x0800068c   Section        0  dfixul.o(.text)
    .text                                    0x080006bc   Section       40  cdrcmple.o(.text)
    .text                                    0x080006e4   Section       36  init.o(.text)
    .text                                    0x08000708   Section        0  llushr.o(.text)
    i.All_Init                               0x08000728   Section        0  init.o(i.All_Init)
    i.BadApple_AfterEvents                   0x08000740   Section        0  badapple.o(i.BadApple_AfterEvents)
    i.BadApple_BeforeEvents                  0x08000764   Section        0  badapple.o(i.BadApple_BeforeEvents)
    i.BadApple_Init                          0x08000790   Section        0  badapple.o(i.BadApple_Init)
    i.BadApple_Start                         0x080007a4   Section        0  badapple.o(i.BadApple_Start)
    i.BoolToString                           0x080008dc   Section        0  cstring.o(i.BoolToString)
    i.BusFault_Handler                       0x0800095c   Section        0  stm32f10x_it.o(i.BusFault_Handler)
    i.CStringAlignToLeft                     0x08000960   Section        0  cstring.o(i.CStringAlignToLeft)
    i.CStringCatInt                          0x080009a8   Section        0  cstring.o(i.CStringCatInt)
    i.CStringConnact                         0x08000a58   Section        0  cstring.o(i.CStringConnact)
    i.CStringConnact3                        0x08000af0   Section        0  cstring.o(i.CStringConnact3)
    i.CStringContainsSubString               0x08000b9c   Section        0  cstring.o(i.CStringContainsSubString)
    i.CStringInsertRange                     0x08000bb4   Section        0  cstring.o(i.CStringInsertRange)
    i.CStringLenth                           0x08000c80   Section        0  cstring.o(i.CStringLenth)
    i.CStringLetterCount                     0x08000c92   Section        0  cstring.o(i.CStringLetterCount)
    i.CStringLetterLastIndexOf               0x08000cac   Section        0  cstring.o(i.CStringLetterLastIndexOf)
    i.CStringRemoveRange                     0x08000cdc   Section        0  cstring.o(i.CStringRemoveRange)
    i.CStringReplaceSubString                0x08000dd8   Section        0  cstring.o(i.CStringReplaceSubString)
    i.CStringReserse                         0x08000f40   Section        0  cstring.o(i.CStringReserse)
    i.CStringSubString                       0x08000fa4   Section        0  cstring.o(i.CStringSubString)
    i.CStringSubStringIndex                  0x08000fd6   Section        0  cstring.o(i.CStringSubStringIndex)
    i.CStringSubStringLastIndex              0x08001008   Section        0  cstring.o(i.CStringSubStringLastIndex)
    i.CStringToLower                         0x08001058   Section        0  cstring.o(i.CStringToLower)
    i.CStringToUpper                         0x080010f0   Section        0  cstring.o(i.CStringToUpper)
    i.ColorFromARGB                          0x08001188   Section        0  color.o(i.ColorFromARGB)
    i.ColorFromGrayValue                     0x080011d6   Section        0  color.o(i.ColorFromGrayValue)
    i.ColorFromRBG565Value                   0x0800121e   Section        0  color.o(i.ColorFromRBG565Value)
    i.ColorFromRGB24Value                    0x08001274   Section        0  color.o(i.ColorFromRGB24Value)
    i.ColorInit                              0x08001298   Section        0  color.o(i.ColorInit)
    i.DebugMon_Handler                       0x0800142c   Section        0  stm32f10x_it.o(i.DebugMon_Handler)
    i.FloatToString                          0x08001430   Section        0  cstring.o(i.FloatToString)
    i.GPIO_Init                              0x080014bc   Section        0  stm32f10x_gpio.o(i.GPIO_Init)
    i.GPIO_ReadInputDataBit                  0x080015ce   Section        0  stm32f10x_gpio.o(i.GPIO_ReadInputDataBit)
    i.GPIO_ResetBits                         0x080015e0   Section        0  stm32f10x_gpio.o(i.GPIO_ResetBits)
    i.GPIO_SetBits                           0x080015e4   Section        0  stm32f10x_gpio.o(i.GPIO_SetBits)
    i.GetGBKCodeFromSD                       0x080015e8   Section        0  hzk16.o(i.GetGBKCodeFromSD)
    i.GetVcanLCDSize                         0x08001674   Section        0  vcanlcdforstm32.o(i.GetVcanLCDSize)
    i.GetZeroPoint                           0x08001690   Section        0  vcanlcdforstm32.o(i.GetZeroPoint)
    i.HardFault_Handler                      0x080016a2   Section        0  stm32f10x_it.o(i.HardFault_Handler)
    i.IntToHexString                         0x080016a8   Section        0  cstring.o(i.IntToHexString)
    i.IntToString                            0x08001740   Section        0  cstring.o(i.IntToString)
    i.LED_Init                               0x080017c0   Section        0  led.o(i.LED_Init)
    i.MSD_GetCardInfo                        0x080017f8   Section        0  stm32f10x_microsd.o(i.MSD_GetCardInfo)
    i.MSD_Init                               0x08001b3c   Section        0  stm32f10x_microsd.o(i.MSD_Init)
    i.MSD_ReadMultiBlock                     0x08001d7c   Section        0  stm32f10x_microsd.o(i.MSD_ReadMultiBlock)
    i.MSD_ReadSingleBlock                    0x08001e00   Section        0  stm32f10x_microsd.o(i.MSD_ReadSingleBlock)
    i.MSD_SPIHighSpeed                       0x08001e44   Section        0  stm32f10x_microsd.o(i.MSD_SPIHighSpeed)
    i.MSD_SPI_Configuration                  0x08001e9c   Section        0  stm32f10x_microsd.o(i.MSD_SPI_Configuration)
    i.MSD_WriteMultiBlock                    0x08001f20   Section        0  stm32f10x_microsd.o(i.MSD_WriteMultiBlock)
    i.MSD_WriteSingleBlock                   0x08002048   Section        0  stm32f10x_microsd.o(i.MSD_WriteSingleBlock)
    i.MemManage_Handler                      0x08002110   Section        0  stm32f10x_it.o(i.MemManage_Handler)
    i.MyRowDrawBMP                           0x08002114   Section        0  vcanlcdforstm32.o(i.MyRowDrawBMP)
    i.MyTimerLEDToggle                       0x08002150   Section        0  led.o(i.MyTimerLEDToggle)
    i.NMI_Handler                            0x08002184   Section        0  stm32f10x_it.o(i.NMI_Handler)
    i.NVIC_Init                              0x08002188   Section        0  misc.o(i.NVIC_Init)
    i.NewPoint                               0x080021fc   Section        0  vcanlcdforstm32.o(i.NewPoint)
    i.NewPointFromSize                       0x0800220c   Section        0  vcanlcdforstm32.o(i.NewPointFromSize)
    i.NewSize                                0x08002232   Section        0  vcanlcdforstm32.o(i.NewSize)
    i.PendSV_Handler                         0x08002242   Section        0  stm32f10x_it.o(i.PendSV_Handler)
    i.RCC_APB1PeriphClockCmd                 0x08002244   Section        0  stm32f10x_rcc.o(i.RCC_APB1PeriphClockCmd)
    i.RCC_APB2PeriphClockCmd                 0x08002264   Section        0  stm32f10x_rcc.o(i.RCC_APB2PeriphClockCmd)
    i.SPI_Cmd                                0x08002284   Section        0  stm32f10x_spi.o(i.SPI_Cmd)
    i.SPI_I2S_GetFlagStatus                  0x0800229c   Section        0  stm32f10x_spi.o(i.SPI_I2S_GetFlagStatus)
    i.SPI_I2S_ReceiveData                    0x080022ae   Section        0  stm32f10x_spi.o(i.SPI_I2S_ReceiveData)
    i.SPI_I2S_SendData                       0x080022b4   Section        0  stm32f10x_spi.o(i.SPI_I2S_SendData)
    i.SPI_Init                               0x080022b8   Section        0  stm32f10x_spi.o(i.SPI_Init)
    i.SVC_Handler                            0x080022f4   Section        0  stm32f10x_it.o(i.SVC_Handler)
    i.SetSysClock                            0x080022f6   Section        0  system_stm32f10x.o(i.SetSysClock)
    SetSysClock                              0x080022f7   Thumb Code     8  system_stm32f10x.o(i.SetSysClock)
    i.SetSysClockTo72                        0x08002300   Section        0  system_stm32f10x.o(i.SetSysClockTo72)
    SetSysClockTo72                          0x08002301   Thumb Code   212  system_stm32f10x.o(i.SetSysClockTo72)
    i.SysTick_CLKSourceConfig                0x080023dc   Section        0  misc.o(i.SysTick_CLKSourceConfig)
    i.SysTick_Handler                        0x08002404   Section        0  stm32f10x_it.o(i.SysTick_Handler)
    i.SystemInit                             0x08002408   Section        0  system_stm32f10x.o(i.SystemInit)
    i.TIM2_IRQHandler                        0x08002468   Section        0  stm32f10x_it.o(i.TIM2_IRQHandler)
    i.TIM2_Init                              0x0800247c   Section        0  tim.o(i.TIM2_Init)
    i.TIM_ClearITPendingBit                  0x080024da   Section        0  stm32f10x_tim.o(i.TIM_ClearITPendingBit)
    i.TIM_Cmd                                0x080024e0   Section        0  stm32f10x_tim.o(i.TIM_Cmd)
    i.TIM_ITConfig                           0x080024f8   Section        0  stm32f10x_tim.o(i.TIM_ITConfig)
    i.TIM_TimeBaseInit                       0x0800250c   Section        0  stm32f10x_tim.o(i.TIM_TimeBaseInit)
    i.USART1_IRQHandler                      0x080025b0   Section        0  uart.o(i.USART1_IRQHandler)
    i.USART2_IRQHandler                      0x080025f4   Section        0  uart.o(i.USART2_IRQHandler)
    i.USART_ClearFlag                        0x08002644   Section        0  stm32f10x_usart.o(i.USART_ClearFlag)
    i.USART_GetFlagStatus                    0x08002656   Section        0  stm32f10x_usart.o(i.USART_GetFlagStatus)
    i.USART_GetITStatus                      0x08002670   Section        0  stm32f10x_usart.o(i.USART_GetITStatus)
    i.USART_ReceiveData                      0x080026c4   Section        0  stm32f10x_usart.o(i.USART_ReceiveData)
    i.UsageFault_Handler                     0x080026ce   Section        0  stm32f10x_it.o(i.UsageFault_Handler)
    i.VcanKeyIRQHandler                      0x080026d4   Section        0  vcanlcdkey.o(i.VcanKeyIRQHandler)
    i.VcanLCD_Clear                          0x080026fc   Section        0  vcanlcdforstm32.o(i.VcanLCD_Clear)
    i.VcanLCD_DrawBinaryImage                0x08002720   Section        0  vcanlcdforstm32.o(i.VcanLCD_DrawBinaryImage)
    i.VcanLCD_DrawChineseString              0x08002904   Section        0  vcanlcdforstm32.o(i.VcanLCD_DrawChineseString)
    i.VcanLCD_DrawCircle                     0x08002be8   Section        0  vcanlcdforstm32.o(i.VcanLCD_DrawCircle)
    i.VcanLCD_DrawLine                       0x08002ca0   Section        0  vcanlcdforstm32.o(i.VcanLCD_DrawLine)
    i.VcanLCD_DrawMuxString                  0x08002ecc   Section        0  hzk16.o(i.VcanLCD_DrawMuxString)
    i.VcanLCD_DrawPenRectangle               0x080031b0   Section        0  vcanlcdforstm32.o(i.VcanLCD_DrawPenRectangle)
    i.VcanLCD_DrawPoint                      0x08003250   Section        0  vcanlcdforstm32.o(i.VcanLCD_DrawPoint)
    i.VcanLCD_DrawPointXY                    0x08003390   Section        0  vcanlcdforstm32.o(i.VcanLCD_DrawPointXY)
    i.VcanLCD_DrawRectangle                  0x080034d0   Section        0  vcanlcdforstm32.o(i.VcanLCD_DrawRectangle)
    i.VcanLCD_DrawRectangleWithColor_t       0x08003614   Section        0  vcanlcdforstm32.o(i.VcanLCD_DrawRectangleWithColor_t)
    i.VcanLCD_DrawString                     0x0800362c   Section        0  vcanlcdforstm32.o(i.VcanLCD_DrawString)
    i.VcanLCD_GetSize                        0x08003688   Section        0  vcanlcdforstm32.o(i.VcanLCD_GetSize)
    i.VcanLCD_GpioInit                       0x0800369c   Section        0  vcanlcdforstm32.o(i.VcanLCD_GpioInit)
    i.VcanLCD_Init                           0x0800372c   Section        0  vcanlcdforstm32.o(i.VcanLCD_Init)
    i.VcanLCD_Ptlon                          0x0800376c   Section        0  vcanlcdforstm32.o(i.VcanLCD_Ptlon)
    i.VcanLCD_ResgisterInit                  0x08003b94   Section        0  vcanlcdforstm32.o(i.VcanLCD_ResgisterInit)
    i.VcanLCD_SetShowDirection               0x080051fc   Section        0  vcanlcdforstm32.o(i.VcanLCD_SetShowDirection)
    i.VcanLCD_ShowChar                       0x080060b0   Section        0  vcanlcdforstm32.o(i.VcanLCD_ShowChar)
    i.VcanLCD_ShowChineseString              0x0800631c   Section        0  vcanlcdforstm32.o(i.VcanLCD_ShowChineseString)
    i.VcanLCD_ShowFloat                      0x0800634c   Section        0  vcanlcdforstm32.o(i.VcanLCD_ShowFloat)
    i.VcanLCD_ShowInt                        0x080063d8   Section        0  vcanlcdforstm32.o(i.VcanLCD_ShowInt)
    i.VcanLCD_ShowMuxString                  0x08006460   Section        0  hzk16.o(i.VcanLCD_ShowMuxString)
    i.VcanLCD_ShowString                     0x08006490   Section        0  vcanlcdforstm32.o(i.VcanLCD_ShowString)
    i.VcanLcdKeyInit                         0x080064e8   Section        0  vcanlcdkey.o(i.VcanLcdKeyInit)
    i.VcanLcd_ShowBMP                        0x08006514   Section        0  image_bmp.o(i.VcanLcd_ShowBMP)
    i.__0sprintf                             0x080067e0   Section        0  printfa.o(i.__0sprintf)
    i.__scatterload_copy                     0x08006808   Section       14  handlers.o(i.__scatterload_copy)
    i.__scatterload_null                     0x08006816   Section        2  handlers.o(i.__scatterload_null)
    i.__scatterload_zeroinit                 0x08006818   Section       14  handlers.o(i.__scatterload_zeroinit)
    i._fp_digits                             0x08006828   Section        0  printfa.o(i._fp_digits)
    _fp_digits                               0x08006829   Thumb Code   326  printfa.o(i._fp_digits)
    i._printf_core                           0x08006984   Section        0  printfa.o(i._printf_core)
    _printf_core                             0x08006985   Thumb Code  1762  printfa.o(i._printf_core)
    i._printf_post_padding                   0x08007074   Section        0  printfa.o(i._printf_post_padding)
    _printf_post_padding                     0x08007075   Thumb Code    38  printfa.o(i._printf_post_padding)
    i._printf_pre_padding                    0x0800709a   Section        0  printfa.o(i._printf_pre_padding)
    _printf_pre_padding                      0x0800709b   Thumb Code    48  printfa.o(i._printf_pre_padding)
    i._read_buffer                           0x080070cc   Section        0  stm32f10x_microsd.o(i._read_buffer)
    i._send_command                          0x08007150   Section        0  stm32f10x_microsd.o(i._send_command)
    i._send_command_hold                     0x080071d0   Section        0  stm32f10x_microsd.o(i._send_command_hold)
    i._spi_read_write                        0x08007240   Section        0  stm32f10x_microsd.o(i._spi_read_write)
    i._sputc                                 0x08007274   Section        0  printfa.o(i._sputc)
    _sputc                                   0x08007275   Thumb Code    10  printfa.o(i._sputc)
    i.check_fs                               0x08007280   Section        0  ff.o(i.check_fs)
    check_fs                                 0x08007281   Thumb Code   138  ff.o(i.check_fs)
    i.chk_chr                                0x08007310   Section        0  ff.o(i.chk_chr)
    chk_chr                                  0x08007311   Thumb Code    20  ff.o(i.chk_chr)
    i.chk_mounted                            0x08007324   Section        0  ff.o(i.chk_mounted)
    chk_mounted                              0x08007325   Thumb Code   864  ff.o(i.chk_mounted)
    i.clust2sect                             0x08007694   Section        0  ff.o(i.clust2sect)
    i.create_chain                           0x080076ae   Section        0  ff.o(i.create_chain)
    create_chain                             0x080076af   Thumb Code   202  ff.o(i.create_chain)
    i.create_name                            0x08007778   Section        0  ff.o(i.create_name)
    create_name                              0x08007779   Thumb Code   310  ff.o(i.create_name)
    i.delay_init                             0x080078c0   Section        0  delay.o(i.delay_init)
    i.delay_ms                               0x080078fc   Section        0  delay.o(i.delay_ms)
    i.delay_us                               0x08007938   Section        0  delay.o(i.delay_us)
    i.dir_find                               0x08007974   Section        0  ff.o(i.dir_find)
    dir_find                                 0x08007975   Thumb Code    92  ff.o(i.dir_find)
    i.dir_next                               0x080079d0   Section        0  ff.o(i.dir_next)
    dir_next                                 0x080079d1   Thumb Code   274  ff.o(i.dir_next)
    i.dir_register                           0x08007ae2   Section        0  ff.o(i.dir_register)
    dir_register                             0x08007ae3   Thumb Code   110  ff.o(i.dir_register)
    i.dir_sdi                                0x08007b50   Section        0  ff.o(i.dir_sdi)
    dir_sdi                                  0x08007b51   Thumb Code   156  ff.o(i.dir_sdi)
    i.disk_initialize                        0x08007bec   Section        0  diskio.o(i.disk_initialize)
    i.disk_ioctl                             0x08007c18   Section        0  diskio.o(i.disk_ioctl)
    i.disk_read                              0x08007c80   Section        0  diskio.o(i.disk_read)
    i.disk_status                            0x08007cd2   Section        0  diskio.o(i.disk_status)
    i.disk_write                             0x08007cf4   Section        0  diskio.o(i.disk_write)
    i.f_close                                0x08007d40   Section        0  ff.o(i.f_close)
    i.f_lseek                                0x08007d56   Section        0  ff.o(i.f_lseek)
    i.f_mount                                0x08007f08   Section        0  ff.o(i.f_mount)
    i.f_open                                 0x08007f34   Section        0  ff.o(i.f_open)
    i.f_read                                 0x0800809c   Section        0  ff.o(i.f_read)
    i.f_sync                                 0x08008264   Section        0  ff.o(i.f_sync)
    i.f_write                                0x0800831a   Section        0  ff.o(i.f_write)
    i.follow_path                            0x08008526   Section        0  ff.o(i.follow_path)
    follow_path                              0x08008527   Thumb Code   158  ff.o(i.follow_path)
    i.get_fat                                0x080085c4   Section        0  ff.o(i.get_fat)
    i.get_fattime                            0x080086a8   Section        0  diskio.o(i.get_fattime)
    i.initMicroSD                            0x080086ac   Section        0  badapple.o(i.initMicroSD)
    i.main                                   0x08008954   Section        0  main.o(i.main)
    i.mem_cmp                                0x08008a6c   Section        0  ff.o(i.mem_cmp)
    mem_cmp                                  0x08008a6d   Thumb Code    38  ff.o(i.mem_cmp)
    i.mem_cpy                                0x08008a92   Section        0  ff.o(i.mem_cpy)
    mem_cpy                                  0x08008a93   Thumb Code    26  ff.o(i.mem_cpy)
    i.mem_set                                0x08008aac   Section        0  ff.o(i.mem_set)
    mem_set                                  0x08008aad   Thumb Code    20  ff.o(i.mem_set)
    i.move_window                            0x08008ac0   Section        0  ff.o(i.move_window)
    move_window                              0x08008ac1   Thumb Code   114  ff.o(i.move_window)
    i.put_fat                                0x08008b32   Section        0  ff.o(i.put_fat)
    i.remove_chain                           0x08008c6e   Section        0  ff.o(i.remove_chain)
    remove_chain                             0x08008c6f   Thumb Code   104  ff.o(i.remove_chain)
    i.showBmpHead                            0x08008cd6   Section        0  image_bmp.o(i.showBmpHead)
    showBmpHead                              0x08008cd7   Thumb Code     2  image_bmp.o(i.showBmpHead)
    i.showBmpInforHead                       0x08008cd8   Section        0  image_bmp.o(i.showBmpInforHead)
    showBmpInforHead                         0x08008cd9   Thumb Code     2  image_bmp.o(i.showBmpInforHead)
    i.sync                                   0x08008cda   Section        0  ff.o(i.sync)
    sync                                     0x08008cdb   Thumb Code   202  ff.o(i.sync)
    i.validate                               0x08008da4   Section        0  ff.o(i.validate)
    validate                                 0x08008da5   Thumb Code    42  ff.o(i.validate)
    .constdata                               0x08008dd0   Section       12  cstring.o(.constdata)
    .constdata                               0x08008ddc   Section     1568  vcanlcdforstm32.o(.constdata)
    .constdata                               0x080093fc   Section        8  hzk16.o(.constdata)
    .data                                    0x20000000   Section        4  main.o(.data)
    k                                        0x20000000   Data           4  main.o(.data)
    .data                                    0x20000004   Section        4  delay.o(.data)
    fac_us                                   0x20000004   Data           1  delay.o(.data)
    fac_ms                                   0x20000006   Data           2  delay.o(.data)
    .data                                    0x20000008   Section        1  uart.o(.data)
    .data                                    0x20000009   Section        1  led.o(.data)
    TIMcount                                 0x20000009   Data           1  led.o(.data)
    .data                                    0x2000000c   Section        6  ff.o(.data)
    FatFs                                    0x2000000c   Data           4  ff.o(.data)
    Fsid                                     0x20000010   Data           2  ff.o(.data)
    .data                                    0x20000014   Section        4  stm32f10x_microsd.o(.data)
    .data                                    0x20000018   Section       73  cstring.o(.data)
    .data                                    0x20000064   Section       60  vcanlcdforstm32.o(.data)
    .data                                    0x200000a0   Section       12  hzk16.o(.data)
    .data                                    0x200000ac   Section        1  image_bmp.o(.data)
    .data                                    0x200000b0   Section       49  badapple.o(.data)
    .bss                                     0x200000e4   Section       88  stm32f10x_microsd.o(.bss)
    .bss                                     0x2000013c   Section       96  cstring.o(.bss)
    .bss                                     0x2000019c   Section      100  color.o(.bss)
    .bss                                     0x20000200   Section     1108  hzk16.o(.bss)
    .bss                                     0x20000654   Section     2600  image_bmp.o(.bss)
    .bss                                     0x2000107c   Section     3156  badapple.o(.bss)
    STACK                                    0x20001cd0   Section     1024  startup_stm32f10x_hd.o(STACK)

    Global Symbols

    Symbol Name                              Value     Ov Type        Size  Object(Section)

    BuildAttributes$$THM_ISAv4$P$D$K$B$S$PE$A:L22UL41UL21$X:L11$S22US41US21$IEEE1$IW$USESV6$~STKCKD$USESV7$~SHL$OTIME$ROPI$IEEEJ$EBA8$MICROLIB$REQ8$PRES8$EABIv2 0x00000000   Number         0  anon$$obj.o ABSOLUTE
    __ARM_use_no_argv                        0x00000000   Number         0  main.o ABSOLUTE
    _printf_a                                0x00000000   Number         0  stubs.o ABSOLUTE
    _printf_c                                0x00000000   Number         0  stubs.o ABSOLUTE
    _printf_charcount                        0x00000000   Number         0  stubs.o ABSOLUTE
    _printf_d                                0x00000000   Number         0  stubs.o ABSOLUTE
    _printf_e                                0x00000000   Number         0  stubs.o ABSOLUTE
    _printf_f                                0x00000000   Number         0  stubs.o ABSOLUTE
    _printf_flags                            0x00000000   Number         0  stubs.o ABSOLUTE
    _printf_fp_dec                           0x00000000   Number         0  stubs.o ABSOLUTE
    _printf_fp_hex                           0x00000000   Number         0  stubs.o ABSOLUTE
    _printf_g                                0x00000000   Number         0  stubs.o ABSOLUTE
    _printf_i                                0x00000000   Number         0  stubs.o ABSOLUTE
    _printf_int_dec                          0x00000000   Number         0  stubs.o ABSOLUTE
    _printf_l                                0x00000000   Number         0  stubs.o ABSOLUTE
    _printf_lc                               0x00000000   Number         0  stubs.o ABSOLUTE
    _printf_ll                               0x00000000   Number         0  stubs.o ABSOLUTE
    _printf_lld                              0x00000000   Number         0  stubs.o ABSOLUTE
    _printf_lli                              0x00000000   Number         0  stubs.o ABSOLUTE
    _printf_llo                              0x00000000   Number         0  stubs.o ABSOLUTE
    _printf_llu                              0x00000000   Number         0  stubs.o ABSOLUTE
    _printf_llx                              0x00000000   Number         0  stubs.o ABSOLUTE
    _printf_longlong_dec                     0x00000000   Number         0  stubs.o ABSOLUTE
    _printf_longlong_hex                     0x00000000   Number         0  stubs.o ABSOLUTE
    _printf_longlong_oct                     0x00000000   Number         0  stubs.o ABSOLUTE
    _printf_ls                               0x00000000   Number         0  stubs.o ABSOLUTE
    _printf_mbtowc                           0x00000000   Number         0  stubs.o ABSOLUTE
    _printf_n                                0x00000000   Number         0  stubs.o ABSOLUTE
    _printf_o                                0x00000000   Number         0  stubs.o ABSOLUTE
    _printf_p                                0x00000000   Number         0  stubs.o ABSOLUTE
    _printf_percent                          0x00000000   Number         0  stubs.o ABSOLUTE
    _printf_pre_padding                      0x00000000   Number         0  stubs.o ABSOLUTE
    _printf_return_value                     0x00000000   Number         0  stubs.o ABSOLUTE
    _printf_s                                0x00000000   Number         0  stubs.o ABSOLUTE
    _printf_sizespec                         0x00000000   Number         0  stubs.o ABSOLUTE
    _printf_str                              0x00000000   Number         0  stubs.o ABSOLUTE
    _printf_truncate_signed                  0x00000000   Number         0  stubs.o ABSOLUTE
    _printf_truncate_unsigned                0x00000000   Number         0  stubs.o ABSOLUTE
    _printf_u                                0x00000000   Number         0  stubs.o ABSOLUTE
    _printf_wc                               0x00000000   Number         0  stubs.o ABSOLUTE
    _printf_wctomb                           0x00000000   Number         0  stubs.o ABSOLUTE
    _printf_widthprec                        0x00000000   Number         0  stubs.o ABSOLUTE
    _printf_x                                0x00000000   Number         0  stubs.o ABSOLUTE
    __cpp_initialize__aeabi_                  - Undefined Weak Reference
    __cxa_finalize                            - Undefined Weak Reference
    __decompress                              - Undefined Weak Reference
    _clock_init                               - Undefined Weak Reference
    _microlib_exit                            - Undefined Weak Reference
    __Vectors_Size                           0x00000130   Number         0  startup_stm32f10x_hd.o ABSOLUTE
    __Vectors                                0x08000000   Data           4  startup_stm32f10x_hd.o(RESET)
    __Vectors_End                            0x08000130   Data           0  startup_stm32f10x_hd.o(RESET)
    __main                                   0x08000131   Thumb Code     0  entry.o(.ARM.Collect$$$$00000000)
    _main_stk                                0x08000131   Thumb Code     0  entry2.o(.ARM.Collect$$$$00000001)
    _main_scatterload                        0x08000135   Thumb Code     0  entry5.o(.ARM.Collect$$$$00000004)
    __main_after_scatterload                 0x08000139   Thumb Code     0  entry5.o(.ARM.Collect$$$$00000004)
    _main_clock                              0x08000139   Thumb Code     0  entry7b.o(.ARM.Collect$$$$00000008)
    _main_cpp_init                           0x08000139   Thumb Code     0  entry8b.o(.ARM.Collect$$$$0000000A)
    _main_init                               0x08000139   Thumb Code     0  entry9a.o(.ARM.Collect$$$$0000000B)
    __rt_final_cpp                           0x08000141   Thumb Code     0  entry10a.o(.ARM.Collect$$$$0000000D)
    __rt_final_exit                          0x08000141   Thumb Code     0  entry11a.o(.ARM.Collect$$$$0000000F)
    Reset_Handler                            0x08000145   Thumb Code     8  startup_stm32f10x_hd.o(.text)
    ADC1_2_IRQHandler                        0x0800015f   Thumb Code     0  startup_stm32f10x_hd.o(.text)
    ADC3_IRQHandler                          0x0800015f   Thumb Code     0  startup_stm32f10x_hd.o(.text)
    CAN1_RX1_IRQHandler                      0x0800015f   Thumb Code     0  startup_stm32f10x_hd.o(.text)
    CAN1_SCE_IRQHandler                      0x0800015f   Thumb Code     0  startup_stm32f10x_hd.o(.text)
    DMA1_Channel1_IRQHandler                 0x0800015f   Thumb Code     0  startup_stm32f10x_hd.o(.text)
    DMA1_Channel2_IRQHandler                 0x0800015f   Thumb Code     0  startup_stm32f10x_hd.o(.text)
    DMA1_Channel3_IRQHandler                 0x0800015f   Thumb Code     0  startup_stm32f10x_hd.o(.text)
    DMA1_Channel4_IRQHandler                 0x0800015f   Thumb Code     0  startup_stm32f10x_hd.o(.text)
    DMA1_Channel5_IRQHandler                 0x0800015f   Thumb Code     0  startup_stm32f10x_hd.o(.text)
    DMA1_Channel6_IRQHandler                 0x0800015f   Thumb Code     0  startup_stm32f10x_hd.o(.text)
    DMA1_Channel7_IRQHandler                 0x0800015f   Thumb Code     0  startup_stm32f10x_hd.o(.text)
    DMA2_Channel1_IRQHandler                 0x0800015f   Thumb Code     0  startup_stm32f10x_hd.o(.text)
    DMA2_Channel2_IRQHandler                 0x0800015f   Thumb Code     0  startup_stm32f10x_hd.o(.text)
    DMA2_Channel3_IRQHandler                 0x0800015f   Thumb Code     0  startup_stm32f10x_hd.o(.text)
    DMA2_Channel4_5_IRQHandler               0x0800015f   Thumb Code     0  startup_stm32f10x_hd.o(.text)
    EXTI0_IRQHandler                         0x0800015f   Thumb Code     0  startup_stm32f10x_hd.o(.text)
    EXTI15_10_IRQHandler                     0x0800015f   Thumb Code     0  startup_stm32f10x_hd.o(.text)
    EXTI1_IRQHandler                         0x0800015f   Thumb Code     0  startup_stm32f10x_hd.o(.text)
    EXTI2_IRQHandler                         0x0800015f   Thumb Code     0  startup_stm32f10x_hd.o(.text)
    EXTI3_IRQHandler                         0x0800015f   Thumb Code     0  startup_stm32f10x_hd.o(.text)
    EXTI4_IRQHandler                         0x0800015f   Thumb Code     0  startup_stm32f10x_hd.o(.text)
    EXTI9_5_IRQHandler                       0x0800015f   Thumb Code     0  startup_stm32f10x_hd.o(.text)
    FLASH_IRQHandler                         0x0800015f   Thumb Code     0  startup_stm32f10x_hd.o(.text)
    FSMC_IRQHandler                          0x0800015f   Thumb Code     0  startup_stm32f10x_hd.o(.text)
    I2C1_ER_IRQHandler                       0x0800015f   Thumb Code     0  startup_stm32f10x_hd.o(.text)
    I2C1_EV_IRQHandler                       0x0800015f   Thumb Code     0  startup_stm32f10x_hd.o(.text)
    I2C2_ER_IRQHandler                       0x0800015f   Thumb Code     0  startup_stm32f10x_hd.o(.text)
    I2C2_EV_IRQHandler                       0x0800015f   Thumb Code     0  startup_stm32f10x_hd.o(.text)
    PVD_IRQHandler                           0x0800015f   Thumb Code     0  startup_stm32f10x_hd.o(.text)
    RCC_IRQHandler                           0x0800015f   Thumb Code     0  startup_stm32f10x_hd.o(.text)
    RTCAlarm_IRQHandler                      0x0800015f   Thumb Code     0  startup_stm32f10x_hd.o(.text)
    RTC_IRQHandler                           0x0800015f   Thumb Code     0  startup_stm32f10x_hd.o(.text)
    SDIO_IRQHandler                          0x0800015f   Thumb Code     0  startup_stm32f10x_hd.o(.text)
    SPI1_IRQHandler                          0x0800015f   Thumb Code     0  startup_stm32f10x_hd.o(.text)
    SPI2_IRQHandler                          0x0800015f   Thumb Code     0  startup_stm32f10x_hd.o(.text)
    SPI3_IRQHandler                          0x0800015f   Thumb Code     0  startup_stm32f10x_hd.o(.text)
    TAMPER_IRQHandler                        0x0800015f   Thumb Code     0  startup_stm32f10x_hd.o(.text)
    TIM1_BRK_IRQHandler                      0x0800015f   Thumb Code     0  startup_stm32f10x_hd.o(.text)
    TIM1_CC_IRQHandler                       0x0800015f   Thumb Code     0  startup_stm32f10x_hd.o(.text)
    TIM1_TRG_COM_IRQHandler                  0x0800015f   Thumb Code     0  startup_stm32f10x_hd.o(.text)
    TIM1_UP_IRQHandler                       0x0800015f   Thumb Code     0  startup_stm32f10x_hd.o(.text)
    TIM3_IRQHandler                          0x0800015f   Thumb Code     0  startup_stm32f10x_hd.o(.text)
    TIM4_IRQHandler                          0x0800015f   Thumb Code     0  startup_stm32f10x_hd.o(.text)
    TIM5_IRQHandler                          0x0800015f   Thumb Code     0  startup_stm32f10x_hd.o(.text)
    TIM6_IRQHandler                          0x0800015f   Thumb Code     0  startup_stm32f10x_hd.o(.text)
    TIM7_IRQHandler                          0x0800015f   Thumb Code     0  startup_stm32f10x_hd.o(.text)
    TIM8_BRK_IRQHandler                      0x0800015f   Thumb Code     0  startup_stm32f10x_hd.o(.text)
    TIM8_CC_IRQHandler                       0x0800015f   Thumb Code     0  startup_stm32f10x_hd.o(.text)
    TIM8_TRG_COM_IRQHandler                  0x0800015f   Thumb Code     0  startup_stm32f10x_hd.o(.text)
    TIM8_UP_IRQHandler                       0x0800015f   Thumb Code     0  startup_stm32f10x_hd.o(.text)
    UART4_IRQHandler                         0x0800015f   Thumb Code     0  startup_stm32f10x_hd.o(.text)
    UART5_IRQHandler                         0x0800015f   Thumb Code     0  startup_stm32f10x_hd.o(.text)
    USART3_IRQHandler                        0x0800015f   Thumb Code     0  startup_stm32f10x_hd.o(.text)
    USBWakeUp_IRQHandler                     0x0800015f   Thumb Code     0  startup_stm32f10x_hd.o(.text)
    USB_HP_CAN1_TX_IRQHandler                0x0800015f   Thumb Code     0  startup_stm32f10x_hd.o(.text)
    USB_LP_CAN1_RX0_IRQHandler               0x0800015f   Thumb Code     0  startup_stm32f10x_hd.o(.text)
    WWDG_IRQHandler                          0x0800015f   Thumb Code     0  startup_stm32f10x_hd.o(.text)
    __aeabi_memcpy                           0x08000169   Thumb Code    36  memcpya.o(.text)
    __aeabi_memcpy4                          0x08000169   Thumb Code     0  memcpya.o(.text)
    __aeabi_memcpy8                          0x08000169   Thumb Code     0  memcpya.o(.text)
    __aeabi_memset                           0x0800018d   Thumb Code    14  memseta.o(.text)
    __aeabi_memset4                          0x0800018d   Thumb Code     0  memseta.o(.text)
    __aeabi_memset8                          0x0800018d   Thumb Code     0  memseta.o(.text)
    __aeabi_memclr                           0x0800019b   Thumb Code     4  memseta.o(.text)
    __aeabi_memclr4                          0x0800019b   Thumb Code     0  memseta.o(.text)
    __aeabi_memclr8                          0x0800019b   Thumb Code     0  memseta.o(.text)
    _memset$wrapper                          0x0800019f   Thumb Code    18  memseta.o(.text)
    strcat                                   0x080001b1   Thumb Code    24  strcat.o(.text)
    __aeabi_dadd                             0x080001c9   Thumb Code   322  dadd.o(.text)
    __aeabi_dsub                             0x0800030b   Thumb Code     6  dadd.o(.text)
    __aeabi_drsub                            0x08000311   Thumb Code     6  dadd.o(.text)
    __aeabi_dmul                             0x08000317   Thumb Code   228  dmul.o(.text)
    __aeabi_ddiv                             0x080003fb   Thumb Code   222  ddiv.o(.text)
    __aeabi_f2d                              0x080004d9   Thumb Code    38  f2d.o(.text)
    __aeabi_uidiv                            0x080004ff   Thumb Code     0  uidiv.o(.text)
    __aeabi_uidivmod                         0x080004ff   Thumb Code    44  uidiv.o(.text)
    __aeabi_uldivmod                         0x0800052b   Thumb Code    98  uldiv.o(.text)
    __aeabi_llsl                             0x0800058d   Thumb Code    30  llshl.o(.text)
    _ll_shift_l                              0x0800058d   Thumb Code     0  llshl.o(.text)
    __aeabi_lasr                             0x080005ab   Thumb Code    36  llsshr.o(.text)
    _ll_sshift_r                             0x080005ab   Thumb Code     0  llsshr.o(.text)
    __I$use$fp                               0x080005cf   Thumb Code     0  iusefp.o(.text)
    _double_round                            0x080005cf   Thumb Code    26  depilogue.o(.text)
    _double_epilogue                         0x080005e9   Thumb Code   164  depilogue.o(.text)
    __aeabi_d2ulz                            0x0800068d   Thumb Code    48  dfixul.o(.text)
    __aeabi_cdrcmple                         0x080006bd   Thumb Code    38  cdrcmple.o(.text)
    __scatterload                            0x080006e5   Thumb Code    28  init.o(.text)
    __scatterload_rt2                        0x080006e5   Thumb Code     0  init.o(.text)
    __aeabi_llsr                             0x08000709   Thumb Code    32  llushr.o(.text)
    _ll_ushift_r                             0x08000709   Thumb Code     0  llushr.o(.text)
    All_Init                                 0x08000729   Thumb Code    22  init.o(i.All_Init)
    BadApple_AfterEvents                     0x08000741   Thumb Code    28  badapple.o(i.BadApple_AfterEvents)
    BadApple_BeforeEvents                    0x08000765   Thumb Code    24  badapple.o(i.BadApple_BeforeEvents)
    BadApple_Init                            0x08000791   Thumb Code    14  badapple.o(i.BadApple_Init)
    BadApple_Start                           0x080007a5   Thumb Code   214  badapple.o(i.BadApple_Start)
    BoolToString                             0x080008dd   Thumb Code   116  cstring.o(i.BoolToString)
    BusFault_Handler                         0x0800095d   Thumb Code     4  stm32f10x_it.o(i.BusFault_Handler)
    CStringAlignToLeft                       0x08000961   Thumb Code    70  cstring.o(i.CStringAlignToLeft)
    CStringCatInt                            0x080009a9   Thumb Code   154  cstring.o(i.CStringCatInt)
    CStringConnact                           0x08000a59   Thumb Code   140  cstring.o(i.CStringConnact)
    CStringConnact3                          0x08000af1   Thumb Code   158  cstring.o(i.CStringConnact3)
    CStringContainsSubString                 0x08000b9d   Thumb Code    24  cstring.o(i.CStringContainsSubString)
    CStringInsertRange                       0x08000bb5   Thumb Code   194  cstring.o(i.CStringInsertRange)
    CStringLenth                             0x08000c81   Thumb Code    18  cstring.o(i.CStringLenth)
    CStringLetterCount                       0x08000c93   Thumb Code    26  cstring.o(i.CStringLetterCount)
    CStringLetterLastIndexOf                 0x08000cad   Thumb Code    46  cstring.o(i.CStringLetterLastIndexOf)
    CStringRemoveRange                       0x08000cdd   Thumb Code   238  cstring.o(i.CStringRemoveRange)
    CStringReplaceSubString                  0x08000dd9   Thumb Code   346  cstring.o(i.CStringReplaceSubString)
    CStringReserse                           0x08000f41   Thumb Code    90  cstring.o(i.CStringReserse)
    CStringSubString                         0x08000fa5   Thumb Code    50  cstring.o(i.CStringSubString)
    CStringSubStringIndex                    0x08000fd7   Thumb Code    50  cstring.o(i.CStringSubStringIndex)
    CStringSubStringLastIndex                0x08001009   Thumb Code    78  cstring.o(i.CStringSubStringLastIndex)
    CStringToLower                           0x08001059   Thumb Code   144  cstring.o(i.CStringToLower)
    CStringToUpper                           0x080010f1   Thumb Code   144  cstring.o(i.CStringToUpper)
    ColorFromARGB                            0x08001189   Thumb Code    78  color.o(i.ColorFromARGB)
    ColorFromGrayValue                       0x080011d7   Thumb Code    72  color.o(i.ColorFromGrayValue)
    ColorFromRBG565Value                     0x0800121f   Thumb Code    86  color.o(i.ColorFromRBG565Value)
    ColorFromRGB24Value                      0x08001275   Thumb Code    36  color.o(i.ColorFromRGB24Value)
    ColorInit                                0x08001299   Thumb Code   374  color.o(i.ColorInit)
    DebugMon_Handler                         0x0800142d   Thumb Code     2  stm32f10x_it.o(i.DebugMon_Handler)
    FloatToString                            0x08001431   Thumb Code   124  cstring.o(i.FloatToString)
    GPIO_Init                                0x080014bd   Thumb Code   274  stm32f10x_gpio.o(i.GPIO_Init)
    GPIO_ReadInputDataBit                    0x080015cf   Thumb Code    18  stm32f10x_gpio.o(i.GPIO_ReadInputDataBit)
    GPIO_ResetBits                           0x080015e1   Thumb Code     4  stm32f10x_gpio.o(i.GPIO_ResetBits)
    GPIO_SetBits                             0x080015e5   Thumb Code     4  stm32f10x_gpio.o(i.GPIO_SetBits)
    GetGBKCodeFromSD                         0x080015e9   Thumb Code   100  hzk16.o(i.GetGBKCodeFromSD)
    GetVcanLCDSize                           0x08001675   Thumb Code    24  vcanlcdforstm32.o(i.GetVcanLCDSize)
    GetZeroPoint                             0x08001691   Thumb Code    18  vcanlcdforstm32.o(i.GetZeroPoint)
    HardFault_Handler                        0x080016a3   Thumb Code     4  stm32f10x_it.o(i.HardFault_Handler)
    IntToHexString                           0x080016a9   Thumb Code   122  cstring.o(i.IntToHexString)
    IntToString                              0x08001741   Thumb Code   112  cstring.o(i.IntToString)
    LED_Init                                 0x080017c1   Thumb Code    46  led.o(i.LED_Init)
    MSD_GetCardInfo                          0x080017f9   Thumb Code   830  stm32f10x_microsd.o(i.MSD_GetCardInfo)
    MSD_Init                                 0x08001b3d   Thumb Code   568  stm32f10x_microsd.o(i.MSD_Init)
    MSD_ReadMultiBlock                       0x08001d7d   Thumb Code   124  stm32f10x_microsd.o(i.MSD_ReadMultiBlock)
    MSD_ReadSingleBlock                      0x08001e01   Thumb Code    62  stm32f10x_microsd.o(i.MSD_ReadSingleBlock)
    MSD_SPIHighSpeed                         0x08001e45   Thumb Code    84  stm32f10x_microsd.o(i.MSD_SPIHighSpeed)
    MSD_SPI_Configuration                    0x08001e9d   Thumb Code   120  stm32f10x_microsd.o(i.MSD_SPI_Configuration)
    MSD_WriteMultiBlock                      0x08001f21   Thumb Code   286  stm32f10x_microsd.o(i.MSD_WriteMultiBlock)
    MSD_WriteSingleBlock                     0x08002049   Thumb Code   192  stm32f10x_microsd.o(i.MSD_WriteSingleBlock)
    MemManage_Handler                        0x08002111   Thumb Code     4  stm32f10x_it.o(i.MemManage_Handler)
    MyRowDrawBMP                             0x08002115   Thumb Code    58  vcanlcdforstm32.o(i.MyRowDrawBMP)
    MyTimerLEDToggle                         0x08002151   Thumb Code    42  led.o(i.MyTimerLEDToggle)
    NMI_Handler                              0x08002185   Thumb Code     2  stm32f10x_it.o(i.NMI_Handler)
    NVIC_Init                                0x08002189   Thumb Code   102  misc.o(i.NVIC_Init)
    NewPoint                                 0x080021fd   Thumb Code    16  vcanlcdforstm32.o(i.NewPoint)
    NewPointFromSize                         0x0800220d   Thumb Code    38  vcanlcdforstm32.o(i.NewPointFromSize)
    NewSize                                  0x08002233   Thumb Code    16  vcanlcdforstm32.o(i.NewSize)
    PendSV_Handler                           0x08002243   Thumb Code     2  stm32f10x_it.o(i.PendSV_Handler)
    RCC_APB1PeriphClockCmd                   0x08002245   Thumb Code    26  stm32f10x_rcc.o(i.RCC_APB1PeriphClockCmd)
    RCC_APB2PeriphClockCmd                   0x08002265   Thumb Code    26  stm32f10x_rcc.o(i.RCC_APB2PeriphClockCmd)
    SPI_Cmd                                  0x08002285   Thumb Code    24  stm32f10x_spi.o(i.SPI_Cmd)
    SPI_I2S_GetFlagStatus                    0x0800229d   Thumb Code    18  stm32f10x_spi.o(i.SPI_I2S_GetFlagStatus)
    SPI_I2S_ReceiveData                      0x080022af   Thumb Code     6  stm32f10x_spi.o(i.SPI_I2S_ReceiveData)
    SPI_I2S_SendData                         0x080022b5   Thumb Code     4  stm32f10x_spi.o(i.SPI_I2S_SendData)
    SPI_Init                                 0x080022b9   Thumb Code    60  stm32f10x_spi.o(i.SPI_Init)
    SVC_Handler                              0x080022f5   Thumb Code     2  stm32f10x_it.o(i.SVC_Handler)
    SysTick_CLKSourceConfig                  0x080023dd   Thumb Code    40  misc.o(i.SysTick_CLKSourceConfig)
    SysTick_Handler                          0x08002405   Thumb Code     2  stm32f10x_it.o(i.SysTick_Handler)
    SystemInit                               0x08002409   Thumb Code    78  system_stm32f10x.o(i.SystemInit)
    TIM2_IRQHandler                          0x08002469   Thumb Code    20  stm32f10x_it.o(i.TIM2_IRQHandler)
    TIM2_Init                                0x0800247d   Thumb Code    94  tim.o(i.TIM2_Init)
    TIM_ClearITPendingBit                    0x080024db   Thumb Code     6  stm32f10x_tim.o(i.TIM_ClearITPendingBit)
    TIM_Cmd                                  0x080024e1   Thumb Code    24  stm32f10x_tim.o(i.TIM_Cmd)
    TIM_ITConfig                             0x080024f9   Thumb Code    18  stm32f10x_tim.o(i.TIM_ITConfig)
    TIM_TimeBaseInit                         0x0800250d   Thumb Code   122  stm32f10x_tim.o(i.TIM_TimeBaseInit)
    USART1_IRQHandler                        0x080025b1   Thumb Code    60  uart.o(i.USART1_IRQHandler)
    USART2_IRQHandler                        0x080025f5   Thumb Code    72  uart.o(i.USART2_IRQHandler)
    USART_ClearFlag                          0x08002645   Thumb Code    18  stm32f10x_usart.o(i.USART_ClearFlag)
    USART_GetFlagStatus                      0x08002657   Thumb Code    26  stm32f10x_usart.o(i.USART_GetFlagStatus)
    USART_GetITStatus                        0x08002671   Thumb Code    84  stm32f10x_usart.o(i.USART_GetITStatus)
    USART_ReceiveData                        0x080026c5   Thumb Code    10  stm32f10x_usart.o(i.USART_ReceiveData)
    UsageFault_Handler                       0x080026cf   Thumb Code     4  stm32f10x_it.o(i.UsageFault_Handler)
    VcanKeyIRQHandler                        0x080026d5   Thumb Code    30  vcanlcdkey.o(i.VcanKeyIRQHandler)
    VcanLCD_Clear                            0x080026fd   Thumb Code    36  vcanlcdforstm32.o(i.VcanLCD_Clear)
    VcanLCD_DrawBinaryImage                  0x08002721   Thumb Code   468  vcanlcdforstm32.o(i.VcanLCD_DrawBinaryImage)
    VcanLCD_DrawChineseString                0x08002905   Thumb Code   714  vcanlcdforstm32.o(i.VcanLCD_DrawChineseString)
    VcanLCD_DrawCircle                       0x08002be9   Thumb Code   182  vcanlcdforstm32.o(i.VcanLCD_DrawCircle)
    VcanLCD_DrawLine                         0x08002ca1   Thumb Code   536  vcanlcdforstm32.o(i.VcanLCD_DrawLine)
    VcanLCD_DrawMuxString                    0x08002ecd   Thumb Code   714  hzk16.o(i.VcanLCD_DrawMuxString)
    VcanLCD_DrawPenRectangle                 0x080031b1   Thumb Code   158  vcanlcdforstm32.o(i.VcanLCD_DrawPenRectangle)
    VcanLCD_DrawPoint                        0x08003251   Thumb Code   298  vcanlcdforstm32.o(i.VcanLCD_DrawPoint)
    VcanLCD_DrawPointXY                      0x08003391   Thumb Code   298  vcanlcdforstm32.o(i.VcanLCD_DrawPointXY)
    VcanLCD_DrawRectangle                    0x080034d1   Thumb Code   306  vcanlcdforstm32.o(i.VcanLCD_DrawRectangle)
    VcanLCD_DrawRectangleWithColor_t         0x08003615   Thumb Code    22  vcanlcdforstm32.o(i.VcanLCD_DrawRectangleWithColor_t)
    VcanLCD_DrawString                       0x0800362d   Thumb Code    88  vcanlcdforstm32.o(i.VcanLCD_DrawString)
    VcanLCD_GetSize                          0x08003689   Thumb Code    14  vcanlcdforstm32.o(i.VcanLCD_GetSize)
    VcanLCD_GpioInit                         0x0800369d   Thumb Code   120  vcanlcdforstm32.o(i.VcanLCD_GpioInit)
    VcanLCD_Init                             0x0800372d   Thumb Code    60  vcanlcdforstm32.o(i.VcanLCD_Init)
    VcanLCD_Ptlon                            0x0800376d   Thumb Code  1058  vcanlcdforstm32.o(i.VcanLCD_Ptlon)
    VcanLCD_ResgisterInit                    0x08003b95   Thumb Code  5720  vcanlcdforstm32.o(i.VcanLCD_ResgisterInit)
    VcanLCD_SetShowDirection                 0x080051fd   Thumb Code  3744  vcanlcdforstm32.o(i.VcanLCD_SetShowDirection)
    VcanLCD_ShowChar                         0x080060b1   Thumb Code   592  vcanlcdforstm32.o(i.VcanLCD_ShowChar)
    VcanLCD_ShowChineseString                0x0800631d   Thumb Code    44  vcanlcdforstm32.o(i.VcanLCD_ShowChineseString)
    VcanLCD_ShowFloat                        0x0800634d   Thumb Code   128  vcanlcdforstm32.o(i.VcanLCD_ShowFloat)
    VcanLCD_ShowInt                          0x080063d9   Thumb Code   132  vcanlcdforstm32.o(i.VcanLCD_ShowInt)
    VcanLCD_ShowMuxString                    0x08006461   Thumb Code    44  hzk16.o(i.VcanLCD_ShowMuxString)
    VcanLCD_ShowString                       0x08006491   Thumb Code    84  vcanlcdforstm32.o(i.VcanLCD_ShowString)
    VcanLcdKeyInit                           0x080064e9   Thumb Code    40  vcanlcdkey.o(i.VcanLcdKeyInit)
    VcanLcd_ShowBMP                          0x08006515   Thumb Code   684  image_bmp.o(i.VcanLcd_ShowBMP)
    __0sprintf                               0x080067e1   Thumb Code    34  printfa.o(i.__0sprintf)
    __1sprintf                               0x080067e1   Thumb Code     0  printfa.o(i.__0sprintf)
    __2sprintf                               0x080067e1   Thumb Code     0  printfa.o(i.__0sprintf)
    __c89sprintf                             0x080067e1   Thumb Code     0  printfa.o(i.__0sprintf)
    sprintf                                  0x080067e1   Thumb Code     0  printfa.o(i.__0sprintf)
    __scatterload_copy                       0x08006809   Thumb Code    14  handlers.o(i.__scatterload_copy)
    __scatterload_null                       0x08006817   Thumb Code     2  handlers.o(i.__scatterload_null)
    __scatterload_zeroinit                   0x08006819   Thumb Code    14  handlers.o(i.__scatterload_zeroinit)
    _read_buffer                             0x080070cd   Thumb Code   126  stm32f10x_microsd.o(i._read_buffer)
    _send_command                            0x08007151   Thumb Code   122  stm32f10x_microsd.o(i._send_command)
    _send_command_hold                       0x080071d1   Thumb Code   108  stm32f10x_microsd.o(i._send_command_hold)
    _spi_read_write                          0x08007241   Thumb Code    48  stm32f10x_microsd.o(i._spi_read_write)
    clust2sect                               0x08007695   Thumb Code    26  ff.o(i.clust2sect)
    delay_init                               0x080078c1   Thumb Code    52  delay.o(i.delay_init)
    delay_ms                                 0x080078fd   Thumb Code    54  delay.o(i.delay_ms)
    delay_us                                 0x08007939   Thumb Code    54  delay.o(i.delay_us)
    disk_initialize                          0x08007bed   Thumb Code    44  diskio.o(i.disk_initialize)
    disk_ioctl                               0x08007c19   Thumb Code   100  diskio.o(i.disk_ioctl)
    disk_read                                0x08007c81   Thumb Code    82  diskio.o(i.disk_read)
    disk_status                              0x08007cd3   Thumb Code    34  diskio.o(i.disk_status)
    disk_write                               0x08007cf5   Thumb Code    76  diskio.o(i.disk_write)
    f_close                                  0x08007d41   Thumb Code    22  ff.o(i.f_close)
    f_lseek                                  0x08007d57   Thumb Code   432  ff.o(i.f_lseek)
    f_mount                                  0x08007f09   Thumb Code    38  ff.o(i.f_mount)
    f_open                                   0x08007f35   Thumb Code   360  ff.o(i.f_open)
    f_read                                   0x0800809d   Thumb Code   456  ff.o(i.f_read)
    f_sync                                   0x08008265   Thumb Code   182  ff.o(i.f_sync)
    f_write                                  0x0800831b   Thumb Code   524  ff.o(i.f_write)
    get_fat                                  0x080085c5   Thumb Code   228  ff.o(i.get_fat)
    get_fattime                              0x080086a9   Thumb Code     4  diskio.o(i.get_fattime)
    initMicroSD                              0x080086ad   Thumb Code   478  badapple.o(i.initMicroSD)
    main                                     0x08008955   Thumb Code   192  main.o(i.main)
    put_fat                                  0x08008b33   Thumb Code   316  ff.o(i.put_fat)
    VcanASCII_8x16                           0x08008ddc   Data        1536  vcanlcdforstm32.o(.constdata)
    Region$$Table$$Base                      0x08009404   Number         0  anon$$obj.o(Region$$Table)
    Region$$Table$$Limit                     0x08009424   Number         0  anon$$obj.o(Region$$Table)
    recieve                                  0x20000008   Data           1  uart.o(.data)
    MSD_RealCapacity                         0x20000014   Data           4  stm32f10x_microsd.o(.data)
    Str                                      0x20000018   Data          72  cstring.o(.data)
    ii                                       0x20000060   Data           1  cstring.o(.data)
    VcanLCD                                  0x20000064   Data          60  vcanlcdforstm32.o(.data)
    myres                                    0x200000a0   Data           1  hzk16.o(.data)
    mybr                                     0x200000a4   Data           4  hzk16.o(.data)
    mybw                                     0x200000a8   Data           4  hzk16.o(.data)
    bmpres                                   0x200000ac   Data           1  image_bmp.o(.data)
    StringBuffer                             0x200000b0   Data          27  badapple.o(.data)
    BadApple                                 0x200000cc   Data           8  badapple.o(.data)
    BadAppleInfo                             0x200000d4   Data           1  badapple.o(.data)
    res                                      0x200000d5   Data           1  badapple.o(.data)
    br                                       0x200000d8   Data           4  badapple.o(.data)
    bw                                       0x200000dc   Data           4  badapple.o(.data)
    resCard                                  0x200000e0   Data           1  badapple.o(.data)
    CardInfo                                 0x200000e4   Data          88  stm32f10x_microsd.o(.bss)
    _STRtemp                                 0x2000013c   Data          16  cstring.o(.bss)
    _cstring                                 0x2000014c   Data          80  cstring.o(.bss)
    Color                                    0x2000019c   Data         100  color.o(.bss)
    myfsrc                                   0x20000200   Data         548  hzk16.o(.bss)
    myFatfs                                  0x20000424   Data         560  hzk16.o(.bss)
    pColorData                               0x20000654   Data         384  image_bmp.o(.bss)
    bmpfs                                    0x200007d4   Data        1120  image_bmp.o(.bss)
    bmpfsrc                                  0x20000c34   Data         548  image_bmp.o(.bss)
    bmpfdst                                  0x20000e58   Data         548  image_bmp.o(.bss)
    fsrc                                     0x2000107c   Data         548  badapple.o(.bss)
    Fatfs                                    0x200012a0   Data         560  badapple.o(.bss)
    ramBufferWrite                           0x200014d0   Data        1024  badapple.o(.bss)
    ramBufferRead                            0x200018d0   Data        1024  badapple.o(.bss)
    __initial_sp                             0x200020d0   Data           0  startup_stm32f10x_hd.o(STACK)



==============================================================================

Memory Map of the image

  Image Entry point : 0x08000131

  Load Region LR_IROM1 (Base: 0x08000000, Size: 0x00009508, Max: 0x00010000, ABSOLUTE)

    Execution Region ER_IROM1 (Base: 0x08000000, Size: 0x00009424, Max: 0x00010000, ABSOLUTE)

    Base Addr    Size         Type   Attr      Idx    E Section Name        Object

    0x08000000   0x00000130   Data   RO         3586    RESET               startup_stm32f10x_hd.o
    0x08000130   0x00000000   Code   RO         4769  * .ARM.Collect$$$$00000000  mc_w.l(entry.o)
    0x08000130   0x00000004   Code   RO         5097    .ARM.Collect$$$$00000001  mc_w.l(entry2.o)
    0x08000134   0x00000004   Code   RO         5100    .ARM.Collect$$$$00000004  mc_w.l(entry5.o)
    0x08000138   0x00000000   Code   RO         5102    .ARM.Collect$$$$00000008  mc_w.l(entry7b.o)
    0x08000138   0x00000000   Code   RO         5104    .ARM.Collect$$$$0000000A  mc_w.l(entry8b.o)
    0x08000138   0x00000008   Code   RO         5105    .ARM.Collect$$$$0000000B  mc_w.l(entry9a.o)
    0x08000140   0x00000000   Code   RO         5107    .ARM.Collect$$$$0000000D  mc_w.l(entry10a.o)
    0x08000140   0x00000000   Code   RO         5109    .ARM.Collect$$$$0000000F  mc_w.l(entry11a.o)
    0x08000140   0x00000004   Code   RO         5098    .ARM.Collect$$$$00002712  mc_w.l(entry2.o)
    0x08000144   0x00000024   Code   RO         3587    .text               startup_stm32f10x_hd.o
    0x08000168   0x00000024   Code   RO         4772    .text               mc_w.l(memcpya.o)
    0x0800018c   0x00000024   Code   RO         4774    .text               mc_w.l(memseta.o)
    0x080001b0   0x00000018   Code   RO         4776    .text               mc_w.l(strcat.o)
    0x080001c8   0x0000014e   Code   RO         5075    .text               mf_w.l(dadd.o)
    0x08000316   0x000000e4   Code   RO         5077    .text               mf_w.l(dmul.o)
    0x080003fa   0x000000de   Code   RO         5079    .text               mf_w.l(ddiv.o)
    0x080004d8   0x00000026   Code   RO         5089    .text               mf_w.l(f2d.o)
    0x080004fe   0x0000002c   Code   RO         5112    .text               mc_w.l(uidiv.o)
    0x0800052a   0x00000062   Code   RO         5114    .text               mc_w.l(uldiv.o)
    0x0800058c   0x0000001e   Code   RO         5116    .text               mc_w.l(llshl.o)
    0x080005aa   0x00000024   Code   RO         5118    .text               mc_w.l(llsshr.o)
    0x080005ce   0x00000000   Code   RO         5129    .text               mc_w.l(iusefp.o)
    0x080005ce   0x000000be   Code   RO         5134    .text               mf_w.l(depilogue.o)
    0x0800068c   0x00000030   Code   RO         5136    .text               mf_w.l(dfixul.o)
    0x080006bc   0x00000028   Code   RO         5138    .text               mf_w.l(cdrcmple.o)
    0x080006e4   0x00000024   Code   RO         5140    .text               mc_w.l(init.o)
    0x08000708   0x00000020   Code   RO         5142    .text               mc_w.l(llushr.o)
    0x08000728   0x00000016   Code   RO          280    i.All_Init          init.o
    0x0800073e   0x00000002   PAD
    0x08000740   0x00000024   Code   RO         4705    i.BadApple_AfterEvents  badapple.o
    0x08000764   0x0000002c   Code   RO         4706    i.BadApple_BeforeEvents  badapple.o
    0x08000790   0x00000014   Code   RO         4707    i.BadApple_Init     badapple.o
    0x080007a4   0x00000138   Code   RO         4708    i.BadApple_Start    badapple.o
    0x080008dc   0x00000080   Code   RO         4000    i.BoolToString      cstring.o
    0x0800095c   0x00000004   Code   RO          156    i.BusFault_Handler  stm32f10x_it.o
    0x08000960   0x00000046   Code   RO         4003    i.CStringAlignToLeft  cstring.o
    0x080009a6   0x00000002   PAD
    0x080009a8   0x000000b0   Code   RO         4005    i.CStringCatInt     cstring.o
    0x08000a58   0x00000098   Code   RO         4007    i.CStringConnact    cstring.o
    0x08000af0   0x000000ac   Code   RO         4008    i.CStringConnact3   cstring.o
    0x08000b9c   0x00000018   Code   RO         4010    i.CStringContainsSubString  cstring.o
    0x08000bb4   0x000000cc   Code   RO         4012    i.CStringInsertRange  cstring.o
    0x08000c80   0x00000012   Code   RO         4013    i.CStringLenth      cstring.o
    0x08000c92   0x0000001a   Code   RO         4014    i.CStringLetterCount  cstring.o
    0x08000cac   0x0000002e   Code   RO         4016    i.CStringLetterLastIndexOf  cstring.o
    0x08000cda   0x00000002   PAD
    0x08000cdc   0x000000fc   Code   RO         4018    i.CStringRemoveRange  cstring.o
    0x08000dd8   0x00000168   Code   RO         4020    i.CStringReplaceSubString  cstring.o
    0x08000f40   0x00000064   Code   RO         4021    i.CStringReserse    cstring.o
    0x08000fa4   0x00000032   Code   RO         4022    i.CStringSubString  cstring.o
    0x08000fd6   0x00000032   Code   RO         4023    i.CStringSubStringIndex  cstring.o
    0x08001008   0x0000004e   Code   RO         4024    i.CStringSubStringLastIndex  cstring.o
    0x08001056   0x00000002   PAD
    0x08001058   0x00000098   Code   RO         4025    i.CStringToLower    cstring.o
    0x080010f0   0x00000098   Code   RO         4026    i.CStringToUpper    cstring.o
    0x08001188   0x0000004e   Code   RO         4381    i.ColorFromARGB     color.o
    0x080011d6   0x00000048   Code   RO         4382    i.ColorFromGrayValue  color.o
    0x0800121e   0x00000056   Code   RO         4383    i.ColorFromRBG565Value  color.o
    0x08001274   0x00000024   Code   RO         4384    i.ColorFromRGB24Value  color.o
    0x08001298   0x00000194   Code   RO         4385    i.ColorInit         color.o
    0x0800142c   0x00000002   Code   RO          157    i.DebugMon_Handler  stm32f10x_it.o
    0x0800142e   0x00000002   PAD
    0x08001430   0x0000008c   Code   RO         4027    i.FloatToString     cstring.o
    0x080014bc   0x00000112   Code   RO          785    i.GPIO_Init         stm32f10x_gpio.o
    0x080015ce   0x00000012   Code   RO          789    i.GPIO_ReadInputDataBit  stm32f10x_gpio.o
    0x080015e0   0x00000004   Code   RO          792    i.GPIO_ResetBits    stm32f10x_gpio.o
    0x080015e4   0x00000004   Code   RO          793    i.GPIO_SetBits      stm32f10x_gpio.o
    0x080015e8   0x0000008c   Code   RO         4647    i.GetGBKCodeFromSD  hzk16.o
    0x08001674   0x0000001c   Code   RO         4423    i.GetVcanLCDSize    vcanlcdforstm32.o
    0x08001690   0x00000012   Code   RO         4424    i.GetZeroPoint      vcanlcdforstm32.o
    0x080016a2   0x00000004   Code   RO          158    i.HardFault_Handler  stm32f10x_it.o
    0x080016a6   0x00000002   PAD
    0x080016a8   0x00000098   Code   RO         4030    i.IntToHexString    cstring.o
    0x08001740   0x00000080   Code   RO         4031    i.IntToString       cstring.o
    0x080017c0   0x00000038   Code   RO          514    i.LED_Init          led.o
    0x080017f8   0x00000344   Code   RO         3915    i.MSD_GetCardInfo   stm32f10x_microsd.o
    0x08001b3c   0x00000240   Code   RO         3916    i.MSD_Init          stm32f10x_microsd.o
    0x08001d7c   0x00000084   Code   RO         3917    i.MSD_ReadMultiBlock  stm32f10x_microsd.o
    0x08001e00   0x00000044   Code   RO         3918    i.MSD_ReadSingleBlock  stm32f10x_microsd.o
    0x08001e44   0x00000058   Code   RO         3919    i.MSD_SPIHighSpeed  stm32f10x_microsd.o
    0x08001e9c   0x00000084   Code   RO         3920    i.MSD_SPI_Configuration  stm32f10x_microsd.o
    0x08001f20   0x00000128   Code   RO         3921    i.MSD_WriteMultiBlock  stm32f10x_microsd.o
    0x08002048   0x000000c8   Code   RO         3922    i.MSD_WriteSingleBlock  stm32f10x_microsd.o
    0x08002110   0x00000004   Code   RO          159    i.MemManage_Handler  stm32f10x_it.o
    0x08002114   0x0000003a   Code   RO         4425    i.MyRowDrawBMP      vcanlcdforstm32.o
    0x0800214e   0x00000002   PAD
    0x08002150   0x00000034   Code   RO          515    i.MyTimerLEDToggle  led.o
    0x08002184   0x00000002   Code   RO          160    i.NMI_Handler       stm32f10x_it.o
    0x08002186   0x00000002   PAD
    0x08002188   0x00000074   Code   RO          569    i.NVIC_Init         misc.o
    0x080021fc   0x00000010   Code   RO         4426    i.NewPoint          vcanlcdforstm32.o
    0x0800220c   0x00000026   Code   RO         4427    i.NewPointFromSize  vcanlcdforstm32.o
    0x08002232   0x00000010   Code   RO         4428    i.NewSize           vcanlcdforstm32.o
    0x08002242   0x00000002   Code   RO          161    i.PendSV_Handler    stm32f10x_it.o
    0x08002244   0x00000020   Code   RO          895    i.RCC_APB1PeriphClockCmd  stm32f10x_rcc.o
    0x08002264   0x00000020   Code   RO          897    i.RCC_APB2PeriphClockCmd  stm32f10x_rcc.o
    0x08002284   0x00000018   Code   RO         2615    i.SPI_Cmd           stm32f10x_spi.o
    0x0800229c   0x00000012   Code   RO         2623    i.SPI_I2S_GetFlagStatus  stm32f10x_spi.o
    0x080022ae   0x00000006   Code   RO         2626    i.SPI_I2S_ReceiveData  stm32f10x_spi.o
    0x080022b4   0x00000004   Code   RO         2627    i.SPI_I2S_SendData  stm32f10x_spi.o
    0x080022b8   0x0000003c   Code   RO         2628    i.SPI_Init          stm32f10x_spi.o
    0x080022f4   0x00000002   Code   RO          162    i.SVC_Handler       stm32f10x_it.o
    0x080022f6   0x00000008   Code   RO         3550    i.SetSysClock       system_stm32f10x.o
    0x080022fe   0x00000002   PAD
    0x08002300   0x000000dc   Code   RO         3551    i.SetSysClockTo72   system_stm32f10x.o
    0x080023dc   0x00000028   Code   RO          573    i.SysTick_CLKSourceConfig  misc.o
    0x08002404   0x00000002   Code   RO          163    i.SysTick_Handler   stm32f10x_it.o
    0x08002406   0x00000002   PAD
    0x08002408   0x00000060   Code   RO         3553    i.SystemInit        system_stm32f10x.o
    0x08002468   0x00000014   Code   RO          164    i.TIM2_IRQHandler   stm32f10x_it.o
    0x0800247c   0x0000005e   Code   RO          493    i.TIM2_Init         tim.o
    0x080024da   0x00000006   Code   RO         2765    i.TIM_ClearITPendingBit  stm32f10x_tim.o
    0x080024e0   0x00000018   Code   RO         2770    i.TIM_Cmd           stm32f10x_tim.o
    0x080024f8   0x00000012   Code   RO         2795    i.TIM_ITConfig      stm32f10x_tim.o
    0x0800250a   0x00000002   PAD
    0x0800250c   0x000000a4   Code   RO         2841    i.TIM_TimeBaseInit  stm32f10x_tim.o
    0x080025b0   0x00000044   Code   RO          293    i.USART1_IRQHandler  uart.o
    0x080025f4   0x00000050   Code   RO          295    i.USART2_IRQHandler  uart.o
    0x08002644   0x00000012   Code   RO         3302    i.USART_ClearFlag   stm32f10x_usart.o
    0x08002656   0x0000001a   Code   RO         3309    i.USART_GetFlagStatus  stm32f10x_usart.o
    0x08002670   0x00000054   Code   RO         3310    i.USART_GetITStatus  stm32f10x_usart.o
    0x080026c4   0x0000000a   Code   RO         3320    i.USART_ReceiveData  stm32f10x_usart.o
    0x080026ce   0x00000004   Code   RO          165    i.UsageFault_Handler  stm32f10x_it.o
    0x080026d2   0x00000002   PAD
    0x080026d4   0x00000028   Code   RO         4624    i.VcanKeyIRQHandler  vcanlcdkey.o
    0x080026fc   0x00000024   Code   RO         4429    i.VcanLCD_Clear     vcanlcdforstm32.o
    0x08002720   0x000001e4   Code   RO         4430    i.VcanLCD_DrawBinaryImage  vcanlcdforstm32.o
    0x08002904   0x000002e4   Code   RO         4432    i.VcanLCD_DrawChineseString  vcanlcdforstm32.o
    0x08002be8   0x000000b6   Code   RO         4433    i.VcanLCD_DrawCircle  vcanlcdforstm32.o
    0x08002c9e   0x00000002   PAD
    0x08002ca0   0x0000022c   Code   RO         4435    i.VcanLCD_DrawLine  vcanlcdforstm32.o
    0x08002ecc   0x000002e4   Code   RO         4648    i.VcanLCD_DrawMuxString  hzk16.o
    0x080031b0   0x0000009e   Code   RO         4436    i.VcanLCD_DrawPenRectangle  vcanlcdforstm32.o
    0x0800324e   0x00000002   PAD
    0x08003250   0x00000140   Code   RO         4437    i.VcanLCD_DrawPoint  vcanlcdforstm32.o
    0x08003390   0x00000140   Code   RO         4438    i.VcanLCD_DrawPointXY  vcanlcdforstm32.o
    0x080034d0   0x00000144   Code   RO         4439    i.VcanLCD_DrawRectangle  vcanlcdforstm32.o
    0x08003614   0x00000016   Code   RO         4440    i.VcanLCD_DrawRectangleWithColor_t  vcanlcdforstm32.o
    0x0800362a   0x00000002   PAD
    0x0800362c   0x0000005c   Code   RO         4441    i.VcanLCD_DrawString  vcanlcdforstm32.o
    0x08003688   0x00000014   Code   RO         4442    i.VcanLCD_GetSize   vcanlcdforstm32.o
    0x0800369c   0x00000090   Code   RO         4443    i.VcanLCD_GpioInit  vcanlcdforstm32.o
    0x0800372c   0x00000040   Code   RO         4444    i.VcanLCD_Init      vcanlcdforstm32.o
    0x0800376c   0x00000428   Code   RO         4445    i.VcanLCD_Ptlon     vcanlcdforstm32.o
    0x08003b94   0x00001668   Code   RO         4446    i.VcanLCD_ResgisterInit  vcanlcdforstm32.o
    0x080051fc   0x00000eb4   Code   RO         4447    i.VcanLCD_SetShowDirection  vcanlcdforstm32.o
    0x080060b0   0x0000026c   Code   RO         4448    i.VcanLCD_ShowChar  vcanlcdforstm32.o
    0x0800631c   0x00000030   Code   RO         4449    i.VcanLCD_ShowChineseString  vcanlcdforstm32.o
    0x0800634c   0x0000008c   Code   RO         4450    i.VcanLCD_ShowFloat  vcanlcdforstm32.o
    0x080063d8   0x00000088   Code   RO         4451    i.VcanLCD_ShowInt   vcanlcdforstm32.o
    0x08006460   0x00000030   Code   RO         4649    i.VcanLCD_ShowMuxString  hzk16.o
    0x08006490   0x00000058   Code   RO         4452    i.VcanLCD_ShowString  vcanlcdforstm32.o
    0x080064e8   0x0000002c   Code   RO         4625    i.VcanLcdKeyInit    vcanlcdkey.o
    0x08006514   0x000002cc   Code   RO         4679    i.VcanLcd_ShowBMP   image_bmp.o
    0x080067e0   0x00000028   Code   RO         5017    i.__0sprintf        mc_w.l(printfa.o)
    0x08006808   0x0000000e   Code   RO         5146    i.__scatterload_copy  mc_w.l(handlers.o)
    0x08006816   0x00000002   Code   RO         5147    i.__scatterload_null  mc_w.l(handlers.o)
    0x08006818   0x0000000e   Code   RO         5148    i.__scatterload_zeroinit  mc_w.l(handlers.o)
    0x08006826   0x00000002   PAD
    0x08006828   0x0000015c   Code   RO         5022    i._fp_digits        mc_w.l(printfa.o)
    0x08006984   0x000006f0   Code   RO         5023    i._printf_core      mc_w.l(printfa.o)
    0x08007074   0x00000026   Code   RO         5024    i._printf_post_padding  mc_w.l(printfa.o)
    0x0800709a   0x00000030   Code   RO         5025    i._printf_pre_padding  mc_w.l(printfa.o)
    0x080070ca   0x00000002   PAD
    0x080070cc   0x00000084   Code   RO         3923    i._read_buffer      stm32f10x_microsd.o
    0x08007150   0x00000080   Code   RO         3924    i._send_command     stm32f10x_microsd.o
    0x080071d0   0x00000070   Code   RO         3925    i._send_command_hold  stm32f10x_microsd.o
    0x08007240   0x00000034   Code   RO         3988    i._spi_read_write   stm32f10x_microsd.o
    0x08007274   0x0000000a   Code   RO         5027    i._sputc            mc_w.l(printfa.o)
    0x0800727e   0x00000002   PAD
    0x08007280   0x00000090   Code   RO         3634    i.check_fs          ff.o
    0x08007310   0x00000014   Code   RO         3635    i.chk_chr           ff.o
    0x08007324   0x00000370   Code   RO         3636    i.chk_mounted       ff.o
    0x08007694   0x0000001a   Code   RO         3637    i.clust2sect        ff.o
    0x080076ae   0x000000ca   Code   RO         3638    i.create_chain      ff.o
    0x08007778   0x00000148   Code   RO         3639    i.create_name       ff.o
    0x080078c0   0x0000003c   Code   RO          222    i.delay_init        delay.o
    0x080078fc   0x0000003c   Code   RO          223    i.delay_ms          delay.o
    0x08007938   0x0000003c   Code   RO          224    i.delay_us          delay.o
    0x08007974   0x0000005c   Code   RO         3640    i.dir_find          ff.o
    0x080079d0   0x00000112   Code   RO         3641    i.dir_next          ff.o
    0x08007ae2   0x0000006e   Code   RO         3643    i.dir_register      ff.o
    0x08007b50   0x0000009c   Code   RO         3645    i.dir_sdi           ff.o
    0x08007bec   0x0000002c   Code   RO         3591    i.disk_initialize   diskio.o
    0x08007c18   0x00000068   Code   RO         3592    i.disk_ioctl        diskio.o
    0x08007c80   0x00000052   Code   RO         3593    i.disk_read         diskio.o
    0x08007cd2   0x00000022   Code   RO         3594    i.disk_status       diskio.o
    0x08007cf4   0x0000004c   Code   RO         3595    i.disk_write        diskio.o
    0x08007d40   0x00000016   Code   RO         3647    i.f_close           ff.o
    0x08007d56   0x000001b0   Code   RO         3649    i.f_lseek           ff.o
    0x08007f06   0x00000002   PAD
    0x08007f08   0x0000002c   Code   RO         3651    i.f_mount           ff.o
    0x08007f34   0x00000168   Code   RO         3652    i.f_open            ff.o
    0x0800809c   0x000001c8   Code   RO         3654    i.f_read            ff.o
    0x08008264   0x000000b6   Code   RO         3658    i.f_sync            ff.o
    0x0800831a   0x0000020c   Code   RO         3662    i.f_write           ff.o
    0x08008526   0x0000009e   Code   RO         3663    i.follow_path       ff.o
    0x080085c4   0x000000e4   Code   RO         3664    i.get_fat           ff.o
    0x080086a8   0x00000004   Code   RO         3596    i.get_fattime       diskio.o
    0x080086ac   0x000002a8   Code   RO         4710    i.initMicroSD       badapple.o
    0x08008954   0x00000118   Code   RO            1    i.main              main.o
    0x08008a6c   0x00000026   Code   RO         3666    i.mem_cmp           ff.o
    0x08008a92   0x0000001a   Code   RO         3667    i.mem_cpy           ff.o
    0x08008aac   0x00000014   Code   RO         3668    i.mem_set           ff.o
    0x08008ac0   0x00000072   Code   RO         3669    i.move_window       ff.o
    0x08008b32   0x0000013c   Code   RO         3670    i.put_fat           ff.o
    0x08008c6e   0x00000068   Code   RO         3671    i.remove_chain      ff.o
    0x08008cd6   0x00000002   Code   RO         4680    i.showBmpHead       image_bmp.o
    0x08008cd8   0x00000002   Code   RO         4681    i.showBmpInforHead  image_bmp.o
    0x08008cda   0x000000ca   Code   RO         3672    i.sync              ff.o
    0x08008da4   0x0000002a   Code   RO         3673    i.validate          ff.o
    0x08008dce   0x00000002   PAD
    0x08008dd0   0x0000000c   Data   RO         4037    .constdata          cstring.o
    0x08008ddc   0x00000620   Data   RO         4454    .constdata          vcanlcdforstm32.o
    0x080093fc   0x00000008   Data   RO         4651    .constdata          hzk16.o
    0x08009404   0x00000020   Data   RO         5144    Region$$Table       anon$$obj.o


    Execution Region RW_IRAM1 (Base: 0x20000000, Size: 0x000020d0, Max: 0x00005000, ABSOLUTE)

    Base Addr    Size         Type   Attr      Idx    E Section Name        Object

    0x20000000   0x00000004   Data   RW            2    .data               main.o
    0x20000004   0x00000004   Data   RW          225    .data               delay.o
    0x20000008   0x00000001   Data   RW          299    .data               uart.o
    0x20000009   0x00000001   Data   RW          516    .data               led.o
    0x2000000a   0x00000002   PAD
    0x2000000c   0x00000006   Data   RW         3674    .data               ff.o
    0x20000012   0x00000002   PAD
    0x20000014   0x00000004   Data   RW         3927    .data               stm32f10x_microsd.o
    0x20000018   0x00000049   Data   RW         4038    .data               cstring.o
    0x20000061   0x00000003   PAD
    0x20000064   0x0000003c   Data   RW         4455    .data               vcanlcdforstm32.o
    0x200000a0   0x0000000c   Data   RW         4652    .data               hzk16.o
    0x200000ac   0x00000001   Data   RW         4683    .data               image_bmp.o
    0x200000ad   0x00000003   PAD
    0x200000b0   0x00000031   Data   RW         4713    .data               badapple.o
    0x200000e1   0x00000003   PAD
    0x200000e4   0x00000058   Zero   RW         3926    .bss                stm32f10x_microsd.o
    0x2000013c   0x00000060   Zero   RW         4036    .bss                cstring.o
    0x2000019c   0x00000064   Zero   RW         4386    .bss                color.o
    0x20000200   0x00000454   Zero   RW         4650    .bss                hzk16.o
    0x20000654   0x00000a28   Zero   RW         4682    .bss                image_bmp.o
    0x2000107c   0x00000c54   Zero   RW         4712    .bss                badapple.o
    0x20001cd0   0x00000400   Zero   RW         3584    STACK               startup_stm32f10x_hd.o


==============================================================================

Image component sizes


      Code (inc. data)   RO Data    RW Data    ZI Data      Debug   Object Name

      1092        334          0         49       3156       4255   badapple.o
       676         30          0          0        100       4814   color.o
         0          0          0          0          0         32   core_cm3.o
      2630        186         12         73         96      15605   cstring.o
       180         20          0          4          0     214719   delay.o
       344         20          0          0          0       3703   diskio.o
      5500         46          0          6          0      21768   ff.o
       928         70          8         12       1108       3076   hzk16.o
       720         32          0          1       2600       3016   image_bmp.o
        22          0          0          0          0        391   init.o
       108         20          0          1          0        830   led.o
       280         88          0          4          0     235366   main.o
       156         14          0          0          0       1550   misc.o
         0          0          0          0          0      19168   pwm.o
         0          0          0          0          0       6952   spi.o
        36          8        304          0       1024        852   startup_stm32f10x_hd.o
       300          0          0          0          0       3636   stm32f10x_gpio.o
        46          0          0          0          0       3812   stm32f10x_it.o
      2752         82          0          4         88      11558   stm32f10x_microsd.o
        64         12          0          0          0       1130   stm32f10x_rcc.o
       112          0          0          0          0       3814   stm32f10x_spi.o
       212         42          0          0          0       2872   stm32f10x_tim.o
       138          0          0          0          0       3892   stm32f10x_usart.o
       324         26          0          0          0       1725   system_stm32f10x.o
        94          0          0          0          0        492   tim.o
       148         16          0          1          0       7138   uart.o
     15232        432       1568         60          0      27095   vcanlcdforstm32.o
        84         14          0          0          0        877   vcanlcdkey.o

    ----------------------------------------------------------------------
     32212       1492       1924        228       8172     604138   Object Totals
         0          0         32          0          0          0   (incl. Generated)
        34          0          0         13          0          0   (incl. Padding)

    ----------------------------------------------------------------------

      Code (inc. data)   RO Data    RW Data    ZI Data      Debug   Library Member Name

         0          0          0          0          0          0   entry.o
         0          0          0          0          0          0   entry10a.o
         0          0          0          0          0          0   entry11a.o
         8          4          0          0          0          0   entry2.o
         4          0          0          0          0          0   entry5.o
         0          0          0          0          0          0   entry7b.o
         0          0          0          0          0          0   entry8b.o
         8          4          0          0          0          0   entry9a.o
        30          0          0          0          0          0   handlers.o
        36          8          0          0          0         68   init.o
         0          0          0          0          0          0   iusefp.o
        30          0          0          0          0         68   llshl.o
        36          0          0          0          0         68   llsshr.o
        32          0          0          0          0         68   llushr.o
        36          0          0          0          0         68   memcpya.o
        36          0          0          0          0        108   memseta.o
      2260         86          0          0          0        512   printfa.o
        24          0          0          0          0         68   strcat.o
        44          0          0          0          0         80   uidiv.o
        98          0          0          0          0         92   uldiv.o
        40          2          0          0          0         68   cdrcmple.o
       334          0          0          0          0        148   dadd.o
       222          0          0          0          0        100   ddiv.o
       190          0          0          0          0        176   depilogue.o
        48          0          0          0          0         68   dfixul.o
       228          0          0          0          0         96   dmul.o
        38          0          0          0          0         68   f2d.o

    ----------------------------------------------------------------------
      3788        104          0          0          0       1924   Library Totals
         6          0          0          0          0          0   (incl. Padding)

    ----------------------------------------------------------------------

      Code (inc. data)   RO Data    RW Data    ZI Data      Debug   Library Name

      2682        102          0          0          0       1200   mc_w.l
      1100          2          0          0          0        724   mf_w.l

    ----------------------------------------------------------------------
      3788        104          0          0          0       1924   Library Totals

    ----------------------------------------------------------------------

==============================================================================


      Code (inc. data)   RO Data    RW Data    ZI Data      Debug   

     36000       1596       1924        228       8172     597118   Grand Totals
     36000       1596       1924        228       8172     597118   ELF Image Totals
     36000       1596       1924        228          0          0   ROM Totals

==============================================================================

    Total RO  Size (Code + RO Data)                37924 (  37.04kB)
    Total RW  Size (RW Data + ZI Data)              8400 (   8.20kB)
    Total ROM Size (Code + RO Data + RW Data)      38152 (  37.26kB)

==============================================================================

