<html>
<body>
<pre>
<h1>µVision Build Log</h1>
<h2>Project:</h2>
C:\Users\lenovo\Desktop\STM32F103C8T6∫À–ƒ∞Â≤‚ ‘≥Ã–Ú(PC13…¡À∏)\STM32F103C8T6∫À–ƒ∞Â≤‚ ‘≥Ã–Ú(PC13…¡À∏)\MDK-ARM\Project.uvproj
Project File Date:  09/17/2014

<h2>Output:</h2>
Build target 'LED'
compiling main.c...
compiling stm32f10x_it.c...
compiling misc.c...
compiling stm32f10x_flash.c...
compiling stm32f10x_gpio.c...
compiling stm32f10x_rcc.c...
compiling stm32f10x_adc.c...
compiling stm32f10x_bkp.c...
compiling stm32f10x_can.c...
compiling stm32f10x_cec.c...
compiling stm32f10x_crc.c...
compiling stm32f10x_dac.c...
compiling stm32f10x_dbgmcu.c...
compiling stm32f10x_dma.c...
compiling stm32f10x_exti.c...
compiling stm32f10x_fsmc.c...
compiling stm32f10x_i2c.c...
compiling stm32f10x_iwdg.c...
compiling stm32f10x_pwr.c...
compiling stm32f10x_rtc.c...
compiling stm32f10x_sdio.c...
compiling stm32f10x_spi.c...
compiling stm32f10x_tim.c...
compiling stm32f10x_usart.c...
compiling stm32f10x_wwdg.c...
compiling core_cm3.c...
compiling system_stm32f10x.c...
assembling startup_stm32f10x_hd.s...
linking...
Program Size: Code=900 RO-data=320 RW-data=0 ZI-data=1024  
FromELF: creating hex file...
".\Obj\Project.axf" - 0 Error(s), 0 Warning(s).
Load "C:\\Users\\lenovo\\Desktop\\STM32F103C8T6∫À–ƒ∞Â≤‚ ‘≥Ã–Ú(PC13…¡À∏)\\STM32F103C8T6∫À–ƒ∞Â≤‚ ‘≥Ã–Ú(PC13…¡À∏)\\MDK-ARM\\Obj\\Project.axf" 
Set JLink Project File to "C:\Users\lenovo\Desktop\STM32F103C8T6∫À–ƒ∞Â≤‚ ‘≥Ã–Ú(PC13…¡À∏)\STM32F103C8T6∫À–ƒ∞Â≤‚ ‘≥Ã–Ú(PC13…¡À∏)\MDK-ARM\JLinkSettings.ini"
* JLink Info: Device "STM32F103C8" selected (64 KB flash, 20 KB RAM).
 
JLink info:
------------
DLL: V4.80g, compiled Feb 13 2014 20:50:02
Firmware: J-Link ARM V8 compiled Jul 17 2014 12:31:18
Hardware: V8.00
Feature(s) : RDI,FlashDL,FlashBP,JFlash,GDBFULL 
 
* JLink Info: TotalIRLen = ?, IRPrint = 0x..000000000000000000000000
* JLink Info: STM32F1xxx: Can not attach to CPU. Trying connect under reset.
* JLink Info: TotalIRLen = ?, IRPrint = 0x..000000000000000000000000
Error: Flash Download failed  -  Target DLL has been cancelled
Load "C:\\Users\\lenovo\\Desktop\\STM32F103C8T6∫À–ƒ∞Â≤‚ ‘≥Ã–Ú(PC13…¡À∏)\\STM32F103C8T6∫À–ƒ∞Â≤‚ ‘≥Ã–Ú(PC13…¡À∏)\\MDK-ARM\\Obj\\Project.axf" 
Set JLink Project File to "C:\Users\lenovo\Desktop\STM32F103C8T6∫À–ƒ∞Â≤‚ ‘≥Ã–Ú(PC13…¡À∏)\STM32F103C8T6∫À–ƒ∞Â≤‚ ‘≥Ã–Ú(PC13…¡À∏)\MDK-ARM\JLinkSettings.ini"
* JLink Info: Device "STM32F103C8" selected (64 KB flash, 20 KB RAM).
 
JLink info:
------------
DLL: V4.80g, compiled Feb 13 2014 20:50:02
Firmware: J-Link ARM V8 compiled Jul 17 2014 12:31:18
Hardware: V8.00
Feature(s) : RDI,FlashDL,FlashBP,JFlash,GDBFULL 
 
* JLink Info: TotalIRLen = ?, IRPrint = 0x..000000000000000000000000
* JLink Info: STM32F1xxx: Can not attach to CPU. Trying connect under reset.
* JLink Info: TotalIRLen = ?, IRPrint = 0x..000000000000000000000000
Error: Flash Download failed  -  Target DLL has been cancelled
Load "C:\\Users\\lenovo\\Desktop\\STM32F103C8T6∫À–ƒ∞Â≤‚ ‘≥Ã–Ú(PC13…¡À∏)\\STM32F103C8T6∫À–ƒ∞Â≤‚ ‘≥Ã–Ú(PC13…¡À∏)\\MDK-ARM\\Obj\\Project.axf" 
Set JLink Project File to "C:\Users\lenovo\Desktop\STM32F103C8T6∫À–ƒ∞Â≤‚ ‘≥Ã–Ú(PC13…¡À∏)\STM32F103C8T6∫À–ƒ∞Â≤‚ ‘≥Ã–Ú(PC13…¡À∏)\MDK-ARM\JLinkSettings.ini"
* JLink Info: Device "STM32F103C8" selected (64 KB flash, 20 KB RAM).
 
JLink info:
------------
DLL: V4.80g, compiled Feb 13 2014 20:50:02
Firmware: J-Link ARM V8 compiled Jul 17 2014 12:31:18
Hardware: V8.00
Feature(s) : RDI,FlashDL,FlashBP,JFlash,GDBFULL 
 
* JLink Info: Found SWD-DP with ID 0x1BA01477
* JLink Info: Found SWD-DP with ID 0x1BA01477
* JLink Info: Found Cortex-M3 r1p1, Little endian.
* JLink Info: FPUnit: 6 code (BP) slots and 2 literal slots
* JLink Info: TPIU fitted.
ROMTableAddr = 0xE00FF003
 
Target info:
------------
Device: STM32F103C8
VTarget = 3.300V
State of Pins: 
TCK: 0, TDI: 0, TDO: 0, TMS: 1, TRES: 1, TRST: 1
Hardware-Breakpoints: 6
Software-Breakpoints: 8192
Watchpoints:          4
JTAG speed: 2000 kHz
 
Erase Done.
Programming Done.
Verify OK.
</pre>
</body>
</html>
